Archive member included because of file (symbol)

../../wlan_bsp_cpu_low/mb_low/lib\libxil.a(xil_printf.o)
                              ./wlan_mac_low_framework/wlan_mac_low.o (xil_printf)
../../wlan_bsp_cpu_low/mb_low/lib\libxil.a(_exception_handler.o)
                              d:/xilinx/14.4/sdk/sdk/gnu/microblaze/nt64/bin/../lib/gcc/microblaze-xilinx-elf/4.6.2/../../../../microblaze-xilinx-elf/lib/bs/m/le/crt0.o (_exception_handler)
../../wlan_bsp_cpu_low/mb_low/lib\libxil.a(_program_clean.o)
                              d:/xilinx/14.4/sdk/sdk/gnu/microblaze/nt64/bin/../lib/gcc/microblaze-xilinx-elf/4.6.2/../../../../microblaze-xilinx-elf/lib/bs/m/le/crtinit.o (_program_clean)
../../wlan_bsp_cpu_low/mb_low/lib\libxil.a(_program_init.o)
                              d:/xilinx/14.4/sdk/sdk/gnu/microblaze/nt64/bin/../lib/gcc/microblaze-xilinx-elf/4.6.2/../../../../microblaze-xilinx-elf/lib/bs/m/le/crtinit.o (_program_init)
../../wlan_bsp_cpu_low/mb_low/lib\libxil.a(hw_exception_handler.o)
                              d:/xilinx/14.4/sdk/sdk/gnu/microblaze/nt64/bin/../lib/gcc/microblaze-xilinx-elf/4.6.2/../../../../microblaze-xilinx-elf/lib/bs/m/le/crt0.o (_hw_exception_handler)
../../wlan_bsp_cpu_low/mb_low/lib\libxil.a(microblaze_enable_exceptions.o)
                              ./wlan_mac_low_framework/wlan_phy_util.o (microblaze_enable_exceptions)
../../wlan_bsp_cpu_low/mb_low/lib\libxil.a(microblaze_interrupt_handler.o)
                              d:/xilinx/14.4/sdk/sdk/gnu/microblaze/nt64/bin/../lib/gcc/microblaze-xilinx-elf/4.6.2/../../../../microblaze-xilinx-elf/lib/bs/m/le/crt0.o (_interrupt_handler)
../../wlan_bsp_cpu_low/mb_low/lib\libxil.a(microblaze_interrupts_g.o)
                              ../../wlan_bsp_cpu_low/mb_low/lib\libxil.a(microblaze_interrupt_handler.o) (MB_InterruptVectorTable)
../../wlan_bsp_cpu_low/mb_low/lib\libxil.a(outbyte.o)
                              ../../wlan_bsp_cpu_low/mb_low/lib\libxil.a(xil_printf.o) (outbyte)
../../wlan_bsp_cpu_low/mb_low/lib\libxil.a(xtmrctr.o)
                              ./wlan_mac_low_framework/wlan_phy_util.o (XTmrCtr_Initialize)
../../wlan_bsp_cpu_low/mb_low/lib\libxil.a(xtmrctr_g.o)
                              ../../wlan_bsp_cpu_low/mb_low/lib\libxil.a(xtmrctr.o) (XTmrCtr_ConfigTable)
../../wlan_bsp_cpu_low/mb_low/lib\libxil.a(xtmrctr_l.o)
                              ../../wlan_bsp_cpu_low/mb_low/lib\libxil.a(xtmrctr.o) (XTmrCtr_Offsets)
../../wlan_bsp_cpu_low/mb_low/lib\libxil.a(xtmrctr_options.o)
                              ./wlan_mac_low_framework/wlan_phy_util.o (XTmrCtr_SetOptions)
../../wlan_bsp_cpu_low/mb_low/lib\libxil.a(xuartlite_l.o)
                              ../../wlan_bsp_cpu_low/mb_low/lib\libxil.a(outbyte.o) (XUartLite_SendByte)
../../wlan_bsp_cpu_low/mb_low/lib\libxil.a(xmbox.o)
                              ./wlan_mac_common/wlan_mac_ipc_util.o (XMbox_CfgInitialize)
../../wlan_bsp_cpu_low/mb_low/lib\libxil.a(xmbox_sinit.o)
                              ./wlan_mac_common/wlan_mac_ipc_util.o (XMbox_LookupConfig)
../../wlan_bsp_cpu_low/mb_low/lib\libxil.a(xmutex.o)
                              ./wlan_mac_common/wlan_mac_ipc_util.o (XMutex_CfgInitialize)
../../wlan_bsp_cpu_low/mb_low/lib\libxil.a(xmutex_sinit.o)
                              ./wlan_mac_common/wlan_mac_ipc_util.o (XMutex_LookupConfig)
../../wlan_bsp_cpu_low/mb_low/lib\libxil.a(radio_controller.o)
                              ./wlan_mac_low_framework/wlan_phy_util.o (radio_controller_init)
../../wlan_bsp_cpu_low/mb_low/lib\libxil.a(w3_ad_controller.o)
                              ./wlan_mac_low_framework/wlan_phy_util.o (ad_init)
../../wlan_bsp_cpu_low/mb_low/lib\libxil.a(w3_clock_controller.o)
                              ./wlan_mac_low_framework/wlan_phy_util.o (clk_init)
../../wlan_bsp_cpu_low/mb_low/lib\libxil.a(w3_iic_eeprom.o)
                              ./wlan_mac_low_framework/wlan_phy_util.o (iic_eeprom_init)
../../wlan_bsp_cpu_low/mb_low/lib\libxil.a(print.o)
                              ../../wlan_bsp_cpu_low/mb_low/lib\libxil.a(w3_ad_controller.o) (print)
../../wlan_bsp_cpu_low/mb_low/lib\libxil.a(xbasic_types.o)
                              ../../wlan_bsp_cpu_low/mb_low/lib\libxil.a(hw_exception_handler.o) (XNullHandler)
../../wlan_bsp_cpu_low/mb_low/lib\libxil.a(xil_assert.o)
                              ../../wlan_bsp_cpu_low/mb_low/lib\libxil.a(xtmrctr.o) (Xil_Assert)
../../wlan_bsp_cpu_low/mb_low/lib\libxil.a(xmbox_g.o)
                              ../../wlan_bsp_cpu_low/mb_low/lib\libxil.a(xmbox_sinit.o) (XMbox_ConfigTable)
../../wlan_bsp_cpu_low/mb_low/lib\libxil.a(xmutex_g.o)
                              ../../wlan_bsp_cpu_low/mb_low/lib\libxil.a(xmutex_sinit.o) (XMutex_ConfigTable)
d:/xilinx/14.4/sdk/sdk/gnu/microblaze/nt64/bin/../lib/gcc/microblaze-xilinx-elf/4.6.2/bs/m/le\libgcc.a(udivsi3.o)
                              ../../wlan_bsp_cpu_low/mb_low/lib\libxil.a(xil_printf.o) (__udivsi3)
d:/xilinx/14.4/sdk/sdk/gnu/microblaze/nt64/bin/../lib/gcc/microblaze-xilinx-elf/4.6.2/bs/m/le\libgcc.a(umodsi3.o)
                              ../../wlan_bsp_cpu_low/mb_low/lib\libxil.a(xil_printf.o) (__umodsi3)
../../wlan_bsp_cpu_low/mb_low/lib\libc.a(lib_a-ctype_.o)
                              ../../wlan_bsp_cpu_low/mb_low/lib\libxil.a(xil_printf.o) (__ctype_ptr__)
../../wlan_bsp_cpu_low/mb_low/lib\libc.a(lib_a-exit.o)
                              d:/xilinx/14.4/sdk/sdk/gnu/microblaze/nt64/bin/../lib/gcc/microblaze-xilinx-elf/4.6.2/../../../../microblaze-xilinx-elf/lib/bs/m/le/crt0.o (exit)
../../wlan_bsp_cpu_low/mb_low/lib\libc.a(lib_a-impure.o)
                              ../../wlan_bsp_cpu_low/mb_low/lib\libc.a(lib_a-exit.o) (_global_impure_ptr)
../../wlan_bsp_cpu_low/mb_low/lib\libc.a(lib_a-memcpy.o)
                              ./wlan_mac_low_framework/wlan_mac_low.o (memcpy)
../../wlan_bsp_cpu_low/mb_low/lib\libc.a(lib_a-memset.o)
                              ../../wlan_bsp_cpu_low/mb_low/lib\libxil.a(xmbox.o) (memset)
../../wlan_bsp_cpu_low/mb_low/lib\libc.a(lib_a-rand.o)
                              ./wlan_mac_low_framework/wlan_mac_low.o (srand)
../../wlan_bsp_cpu_low/mb_low/lib\libc.a(lib_a-strlen.o)
                              ../../wlan_bsp_cpu_low/mb_low/lib\libxil.a(xil_printf.o) (strlen)
../../wlan_bsp_cpu_low/mb_low/lib\libc.a(lib_a-__call_atexit.o)
                              ../../wlan_bsp_cpu_low/mb_low/lib\libc.a(lib_a-exit.o) (__call_exitprocs)
../../wlan_bsp_cpu_low/mb_low/lib\libc.a(lib_a-malloc.o)
                              ../../wlan_bsp_cpu_low/mb_low/lib\libc.a(lib_a-rand.o) (malloc)
../../wlan_bsp_cpu_low/mb_low/lib\libc.a(lib_a-mallocr.o)
                              ../../wlan_bsp_cpu_low/mb_low/lib\libc.a(lib_a-malloc.o) (_malloc_r)
../../wlan_bsp_cpu_low/mb_low/lib\libc.a(lib_a-mlock.o)
                              ../../wlan_bsp_cpu_low/mb_low/lib\libc.a(lib_a-mallocr.o) (__malloc_lock)
../../wlan_bsp_cpu_low/mb_low/lib\libc.a(lib_a-sbrkr.o)
                              ../../wlan_bsp_cpu_low/mb_low/lib\libc.a(lib_a-mallocr.o) (_sbrk_r)
../../wlan_bsp_cpu_low/mb_low/lib\libc.a(lib_a-freer.o)
                              ../../wlan_bsp_cpu_low/mb_low/lib\libc.a(lib_a-malloc.o) (_free_r)
../../wlan_bsp_cpu_low/mb_low/lib\libc.a(lib_a-reent.o)
                              ../../wlan_bsp_cpu_low/mb_low/lib\libc.a(lib_a-sbrkr.o) (errno)
../../wlan_bsp_cpu_low/mb_low/lib\libxil.a(sbrk.o)
                              ../../wlan_bsp_cpu_low/mb_low/lib\libc.a(lib_a-sbrkr.o) (sbrk)
../../wlan_bsp_cpu_low/mb_low/lib\libxil.a(errno.o)
                              ../../wlan_bsp_cpu_low/mb_low/lib\libxil.a(sbrk.o) (__errno)
d:/xilinx/14.4/sdk/sdk/gnu/microblaze/nt64/bin/../lib/gcc/microblaze-xilinx-elf/4.6.2/bs/m/le\libgcc.a(_muldi3.o)
                              ../../wlan_bsp_cpu_low/mb_low/lib\libc.a(lib_a-rand.o) (__muldi3)

Allocating common symbols
Common symbol       size              file

gl_red_led_index    0x1               ./src/wlan_mac_dcf.o
errno               0x4               ../../wlan_bsp_cpu_low/mb_low/lib\libc.a(lib_a-reent.o)
XAssertStatus       0x4               ../../wlan_bsp_cpu_low/mb_low/lib\libxil.a(xbasic_types.o)
gl_green_led_index  0x1               ./src/wlan_mac_dcf.o
Xil_AssertStatus    0x4               ../../wlan_bsp_cpu_low/mb_low/lib\libxil.a(xil_assert.o)

Memory Configuration

Name             Origin             Length             Attributes
mb_low_ilmb_bram_cntlr_mb_low_dlmb_bram_cntlr 0x00000050         0x0000ffb0
pkt_buff_tx_bram_ctrl_S_AXI_BASEADDR 0xbf570000         0x00010000
pkt_buff_rx_bram_ctrl_S_AXI_BASEADDR 0xbf560000         0x00010000
*default*        0x00000000         0xffffffff

Linker script and memory map

LOAD d:/xilinx/14.4/sdk/sdk/gnu/microblaze/nt64/bin/../lib/gcc/microblaze-xilinx-elf/4.6.2/../../../../microblaze-xilinx-elf/lib/bs/m/le/crt0.o
LOAD d:/xilinx/14.4/sdk/sdk/gnu/microblaze/nt64/bin/../lib/gcc/microblaze-xilinx-elf/4.6.2/bs/m/le/crti.o
LOAD d:/xilinx/14.4/sdk/sdk/gnu/microblaze/nt64/bin/../lib/gcc/microblaze-xilinx-elf/4.6.2/bs/m/le/crtbegin.o
LOAD d:/xilinx/14.4/sdk/sdk/gnu/microblaze/nt64/bin/../lib/gcc/microblaze-xilinx-elf/4.6.2/../../../../microblaze-xilinx-elf/lib/bs/m/le/crtinit.o
                [0x00000400]                _STACK_SIZE = DEFINED (_STACK_SIZE)?_STACK_SIZE:0x400
                [0x00000400]                _HEAP_SIZE = DEFINED (_HEAP_SIZE)?_HEAP_SIZE:0x400

.vectors.reset  0x00000000        0x8
 *(.vectors.reset)
 .vectors.reset
                0x00000000        0x8 d:/xilinx/14.4/sdk/sdk/gnu/microblaze/nt64/bin/../lib/gcc/microblaze-xilinx-elf/4.6.2/../../../../microblaze-xilinx-elf/lib/bs/m/le/crt0.o
                0x00000000                _start

.vectors.sw_exception
                0x00000008        0x8
 *(.vectors.sw_exception)
 .vectors.sw_exception
                0x00000008        0x8 d:/xilinx/14.4/sdk/sdk/gnu/microblaze/nt64/bin/../lib/gcc/microblaze-xilinx-elf/4.6.2/../../../../microblaze-xilinx-elf/lib/bs/m/le/crt0.o

.vectors.interrupt
                0x00000010        0x8
 *(.vectors.interrupt)
 .vectors.interrupt
                0x00000010        0x8 d:/xilinx/14.4/sdk/sdk/gnu/microblaze/nt64/bin/../lib/gcc/microblaze-xilinx-elf/4.6.2/../../../../microblaze-xilinx-elf/lib/bs/m/le/crt0.o

.vectors.hw_exception
                0x00000020        0x8
 *(.vectors.hw_exception)
 .vectors.hw_exception
                0x00000020        0x8 d:/xilinx/14.4/sdk/sdk/gnu/microblaze/nt64/bin/../lib/gcc/microblaze-xilinx-elf/4.6.2/../../../../microblaze-xilinx-elf/lib/bs/m/le/crt0.o

.text           0x00000050     0xa164
 *(.text)
 .text          0x00000050       0x34 d:/xilinx/14.4/sdk/sdk/gnu/microblaze/nt64/bin/../lib/gcc/microblaze-xilinx-elf/4.6.2/../../../../microblaze-xilinx-elf/lib/bs/m/le/crt0.o
                0x00000050                _start1
                0x00000080                _exit
 .text          0x00000084        0x0 d:/xilinx/14.4/sdk/sdk/gnu/microblaze/nt64/bin/../lib/gcc/microblaze-xilinx-elf/4.6.2/bs/m/le/crti.o
 .text          0x00000084      0x118 d:/xilinx/14.4/sdk/sdk/gnu/microblaze/nt64/bin/../lib/gcc/microblaze-xilinx-elf/4.6.2/bs/m/le/crtbegin.o
 .text          0x0000019c       0xb0 d:/xilinx/14.4/sdk/sdk/gnu/microblaze/nt64/bin/../lib/gcc/microblaze-xilinx-elf/4.6.2/../../../../microblaze-xilinx-elf/lib/bs/m/le/crtinit.o
                0x0000019c                _crtinit
 .text          0x0000024c     0x13d0 ./wlan_mac_low_framework/wlan_mac_low.o
                0x0000024c                wlan_mac_low_dcf_init
                0x0000030c                wlan_mac_low_init_hw_info
                0x000003e4                wlan_mac_low_init
                0x00000508                get_usec_timestamp
                0x00000560                wlan_mac_low_dbm_to_gain_target
                0x000005b8                wlan_mac_low_get_active_channel
                0x000005c8                get_tx_start_timestamp
                0x000005fc                wlan_mac_low_get_cw_exp_min
                0x0000060c                wlan_mac_low_get_cw_exp_max
                0x0000061c                wlan_mac_low_get_hw_info
                0x0000062c                wlan_mac_low_set_frame_tx_callback
                0x0000063c                wlan_mac_low_finish_init
                0x0000068c                wlan_mac_low_send_exception
                0x00000740                wlan_mac_set_nav_check_addr
                0x00000760                wlan_mac_mcs_to_phy_rate
                0x000007bc                wlan_mac_mcs_to_n_dbps
                0x00000818                wlan_mac_mcs_to_ctrl_resp_mcs
                0x00000844                wlan_mac_low_wlan_chan_to_rc_chan
                0x00000938                wlan_mac_low_set_time
                0x0000097c                wlan_mac_low_set_pkt_det_min_power
                0x00000a14                process_ipc_msg_from_high
                0x00001554                wlan_mac_low_poll_ipc_rx
                0x00001594                wlan_mac_low_rx_power_to_rssi
                0x000015f4                wlan_mac_reset_NAV_counter
 .text          0x0000161c      0xc90 ./wlan_mac_low_framework/wlan_phy_util.o
                0x0000161c                w3_node_init
                0x000018f4                wlan_phy_set_tx_signal
                0x00001950                wlan_rx_config_ant_mode
                0x00001bf0                wlan_tx_config_ant_mode
                0x00001bf8                wlan_phy_init
                0x00001d18                wlan_agc_config
                0x00001d7c                wlan_radio_init
                0x00002028                wlan_tx_start
                0x00002050                wlan_ofdm_txtime
                0x00002094                wlan_ofdm_txtime_fast
                0x00002190                wlan_tx_buffer_sel
                0x000021b4                wlan_tx_isrunning
                0x000021c4                usleep
                0x00002258                process_config_phy_rx
                0x000022a4                process_config_phy_tx
 .text          0x000022ac      0x4ac ./wlan_mac_common/wlan_mac_ipc_util.o
                0x000022ac                nullCallback
                0x000022b4                wlan_lib_mac_rate_to_mbps
                0x000022d8                wlan_lib_channel_verify
                0x00002300                lock_pkt_buf_tx
                0x0000234c                lock_pkt_buf_rx
                0x0000239c                unlock_pkt_buf_tx
                0x000023e8                unlock_pkt_buf_rx
                0x00002438                wlan_lib_init
                0x000024e0                status_pkt_buf_tx
                0x0000252c                status_pkt_buf_rx
                0x00002578                ipc_mailbox_write_msg
                0x0000260c                ipc_mailbox_read_isempty
                0x00002634                ipc_mailbox_read_msg
 .text          0x00002758      0xad4 ./src/wlan_mac_dcf.o
                0x00002758                frame_transmit
                0x00002f8c                reset_slrc
                0x00002f9c                reset_cw
                0x00002fc4                rand_num_slots
                0x00003054                wlan_mac_dcf_hw_start_backoff
                0x00003074                increment_lrc_slrc
                0x00003148                increment_src_ssrc
                0x0000321c                reset_ssrc
 .text          0x0000322c      0x604 ../../wlan_bsp_cpu_low/mb_low/lib\libxil.a(xil_printf.o)
                0x00003418                xil_printf
 .text          0x00003830        0x8 ../../wlan_bsp_cpu_low/mb_low/lib\libxil.a(_exception_handler.o)
                0x00003830                _exception_handler
 .text          0x00003838        0x8 ../../wlan_bsp_cpu_low/mb_low/lib\libxil.a(_program_clean.o)
                0x00003838                _program_clean
 .text          0x00003840        0x8 ../../wlan_bsp_cpu_low/mb_low/lib\libxil.a(_program_init.o)
                0x00003840                _program_init
 *fill*         0x00003848        0x8 00
 .text          0x00003850      0x480 ../../wlan_bsp_cpu_low/mb_low/lib\libxil.a(hw_exception_handler.o)
                0x00003850                _hw_exception_handler
 .text          0x00003cd0       0x14 ../../wlan_bsp_cpu_low/mb_low/lib\libxil.a(microblaze_enable_exceptions.o)
                0x00003cd0                microblaze_enable_exceptions
 .text          0x00003ce4       0xb8 ../../wlan_bsp_cpu_low/mb_low/lib\libxil.a(microblaze_interrupt_handler.o)
                0x00003ce4                _interrupt_handler
                0x00003ce4                __interrupt_handler
                0x00003d88                microblaze_register_handler
 .text          0x00003d9c        0x0 ../../wlan_bsp_cpu_low/mb_low/lib\libxil.a(microblaze_interrupts_g.o)
 .text          0x00003d9c       0x2c ../../wlan_bsp_cpu_low/mb_low/lib\libxil.a(outbyte.o)
                0x00003d9c                outbyte
 .text          0x00003dc8      0x7cc ../../wlan_bsp_cpu_low/mb_low/lib\libxil.a(xtmrctr.o)
                0x00003dc8                XTmrCtr_Initialize
                0x00003f00                XTmrCtr_Start
                0x00003ff0                XTmrCtr_Stop
                0x000040cc                XTmrCtr_GetValue
                0x000041c0                XTmrCtr_SetResetValue
                0x00004298                XTmrCtr_GetCaptureValue
                0x0000438c                XTmrCtr_Reset
                0x00004478                XTmrCtr_IsExpired
                0x00004570                XTmrCtr_LookupConfig
 .text          0x00004594        0x0 ../../wlan_bsp_cpu_low/mb_low/lib\libxil.a(xtmrctr_g.o)
 .text          0x00004594        0x0 ../../wlan_bsp_cpu_low/mb_low/lib\libxil.a(xtmrctr_l.o)
 .text          0x00004594      0x240 ../../wlan_bsp_cpu_low/mb_low/lib\libxil.a(xtmrctr_options.o)
                0x00004594                XTmrCtr_SetOptions
                0x000046b4                XTmrCtr_GetOptions
 .text          0x000047d4       0x38 ../../wlan_bsp_cpu_low/mb_low/lib\libxil.a(xuartlite_l.o)
                0x000047d4                XUartLite_SendByte
                0x000047f0                XUartLite_RecvByte
 .text          0x0000480c      0xd28 ../../wlan_bsp_cpu_low/mb_low/lib\libxil.a(xmbox.o)
                0x0000480c                XMbox_CfgInitialize
                0x0000493c                XMbox_Read
                0x00004b3c                XMbox_ReadBlocking
                0x00004c80                XMbox_Write
                0x00004e7c                XMbox_WriteBlocking
                0x00004fc0                XMbox_IsEmpty
                0x00005044                XMbox_IsFull
                0x000050c8                XMbox_Flush
                0x0000515c                XMbox_SetInterruptEnable
                0x000051e0                XMbox_GetInterruptEnable
                0x00005278                XMbox_GetInterruptStatus
                0x00005310                XMbox_ClearInterrupt
                0x00005394                XMbox_SetSendThreshold
                0x00005418                XMbox_SetReceiveThreshold
                0x0000549c                XMbox_GetStatus
 .text          0x00005534       0x24 ../../wlan_bsp_cpu_low/mb_low/lib\libxil.a(xmbox_sinit.o)
                0x00005534                XMbox_LookupConfig
 .text          0x00005558      0x6d4 ../../wlan_bsp_cpu_low/mb_low/lib\libxil.a(xmutex.o)
                0x00005558                XMutex_CfgInitialize
                0x000056a8                XMutex_Lock
                0x00005750                XMutex_Trylock
                0x0000581c                XMutex_Unlock
                0x000058d0                XMutex_IsLocked
                0x00005974                XMutex_GetStatus
                0x00005a6c                XMutex_GetUser
                0x00005b68                XMutex_SetUser
 .text          0x00005c2c       0x24 ../../wlan_bsp_cpu_low/mb_low/lib\libxil.a(xmutex_sinit.o)
                0x00005c2c                XMutex_LookupConfig
 .text          0x00005c50     0x112c ../../wlan_bsp_cpu_low/mb_low/lib\libxil.a(radio_controller.o)
                0x00005c50                radio_controller_init
                0x00005ea0                radio_controller_TxEnable
                0x00005f2c                radio_controller_RxEnable
                0x00005fb8                radio_controller_TxRxDisable
                0x00006044                radio_controller_SPI_read
                0x00006100                radio_controller_SPI_setRegBits
                0x000062dc                radio_controller_setCenterFrequency
                0x000064a8                radio_controller_setRxHP
                0x00006558                radio_controller_setCtrlSource
                0x00006600                radio_controller_setTxGainTarget
                0x000066a0                radio_controller_setRadioParam
                0x0000696c                radio_controller_setRxGainSource
                0x00006a84                radio_controller_setTxGainSource
                0x00006ba0                radio_controller_apply_TxDCO_calibration
                0x00006d44                rc_usleep
 .text          0x00006d7c      0x91c ../../wlan_bsp_cpu_low/mb_low/lib\libxil.a(w3_ad_controller.o)
                0x00006d7c                ad_init
                0x00006fe4                ad_spi_read
                0x0000700c                ad_spi_write
                0x0000702c                ad_set_TxDCO
                0x000070c4                ad_set_TxGain1
                0x0000712c                ad_set_TxGain2
                0x00007194                ad_config_filters
                0x00007234                ad_config_clocks
                0x000073d4                ad_config_DLL
                0x00007658                ad_config_power
 .text          0x00007698      0x518 ../../wlan_bsp_cpu_low/mb_low/lib\libxil.a(w3_clock_controller.o)
                0x00007698                clk_init
                0x0000781c                clk_config_outputs
                0x00007934                clk_config_input_rf_ref
                0x00007990                clk_config_read_clkmod_status
                0x0000799c                clk_config_dividers
                0x00007b64                clk_spi_read
                0x00007b90                clk_spi_write
 .text          0x00007bb0      0x5f8 ../../wlan_bsp_cpu_low/mb_low/lib\libxil.a(w3_iic_eeprom.o)
                0x00007bb0                iic_eeprom_init
                0x00007bcc                iic_eeprom_writeByte
                0x00007d44                iic_eeprom_readByte
                0x00007ea8                w3_eeprom_readSerialNum
                0x00007f10                w3_eeprom_readEthAddr
                0x000080a8                w3_eeprom_read_fpga_dna
                0x00008184                iic_eeprom_waitForRxACK
 .text          0x000081a8       0x54 ../../wlan_bsp_cpu_low/mb_low/lib\libxil.a(print.o)
                0x000081a8                print
 .text          0x000081fc       0x50 ../../wlan_bsp_cpu_low/mb_low/lib\libxil.a(xbasic_types.o)
                0x000081fc                XAssert
                0x00008234                XAssertSetCallback
                0x00008244                XNullHandler
 .text          0x0000824c       0x48 ../../wlan_bsp_cpu_low/mb_low/lib\libxil.a(xil_assert.o)
                0x0000824c                Xil_Assert
                0x00008284                Xil_AssertSetCallback
 .text          0x00008294        0x0 ../../wlan_bsp_cpu_low/mb_low/lib\libxil.a(xmbox_g.o)
 .text          0x00008294        0x0 ../../wlan_bsp_cpu_low/mb_low/lib\libxil.a(xmutex_g.o)
 .text          0x00008294       0xa8 d:/xilinx/14.4/sdk/sdk/gnu/microblaze/nt64/bin/../lib/gcc/microblaze-xilinx-elf/4.6.2/bs/m/le\libgcc.a(udivsi3.o)
                0x00008294                __udivsi3
 .text          0x0000833c       0xbc d:/xilinx/14.4/sdk/sdk/gnu/microblaze/nt64/bin/../lib/gcc/microblaze-xilinx-elf/4.6.2/bs/m/le\libgcc.a(umodsi3.o)
                0x0000833c                __umodsi3
 .text          0x000083f8        0x0 ../../wlan_bsp_cpu_low/mb_low/lib\libc.a(lib_a-ctype_.o)
 .text          0x000083f8       0x40 ../../wlan_bsp_cpu_low/mb_low/lib\libc.a(lib_a-exit.o)
                0x000083f8                exit
 .text          0x00008438        0x0 ../../wlan_bsp_cpu_low/mb_low/lib\libc.a(lib_a-impure.o)
 .text          0x00008438      0x1bc ../../wlan_bsp_cpu_low/mb_low/lib\libc.a(lib_a-memcpy.o)
                0x00008438                memcpy
 .text          0x000085f4      0x1e4 ../../wlan_bsp_cpu_low/mb_low/lib\libc.a(lib_a-memset.o)
                0x000085f4                memset
 .text          0x000087d8      0x1dc ../../wlan_bsp_cpu_low/mb_low/lib\libc.a(lib_a-rand.o)
                0x000087d8                srand
                0x00008898                rand
 .text          0x000089b4       0x5c ../../wlan_bsp_cpu_low/mb_low/lib\libc.a(lib_a-strlen.o)
                0x000089b4                strlen
 .text          0x00008a10      0x2e4 ../../wlan_bsp_cpu_low/mb_low/lib\libc.a(lib_a-__call_atexit.o)
                0x00008a10                __call_exitprocs
 .text          0x00008cf4       0x58 ../../wlan_bsp_cpu_low/mb_low/lib\libc.a(lib_a-malloc.o)
                0x00008cf4                malloc
                0x00008d20                free
 .text          0x00008d4c      0x8b0 ../../wlan_bsp_cpu_low/mb_low/lib\libc.a(lib_a-mallocr.o)
                0x00008d4c                _malloc_r
 .text          0x000095fc       0x10 ../../wlan_bsp_cpu_low/mb_low/lib\libc.a(lib_a-mlock.o)
                0x000095fc                __malloc_lock
                0x00009604                __malloc_unlock
 .text          0x0000960c       0x5c ../../wlan_bsp_cpu_low/mb_low/lib\libc.a(lib_a-sbrkr.o)
                0x0000960c                _sbrk_r
 .text          0x00009668      0x430 ../../wlan_bsp_cpu_low/mb_low/lib\libc.a(lib_a-freer.o)
                0x00009668                _malloc_trim_r
                0x000097b4                _free_r
 .text          0x00009a98      0x374 ../../wlan_bsp_cpu_low/mb_low/lib\libc.a(lib_a-reent.o)
                0x00009a98                cleanup_glue
                0x00009be4                _reclaim_reent
                0x00009d84                _wrapup_reent
 .text          0x00009e0c       0x64 ../../wlan_bsp_cpu_low/mb_low/lib\libxil.a(sbrk.o)
                0x00009e0c                sbrk
 .text          0x00009e70       0x10 ../../wlan_bsp_cpu_low/mb_low/lib\libxil.a(errno.o)
                0x00009e70                __errno
 .text          0x00009e80       0x70 d:/xilinx/14.4/sdk/sdk/gnu/microblaze/nt64/bin/../lib/gcc/microblaze-xilinx-elf/4.6.2/bs/m/le\libgcc.a(_muldi3.o)
                0x00009e80                __muldi3
 .text          0x00009ef0       0x4c d:/xilinx/14.4/sdk/sdk/gnu/microblaze/nt64/bin/../lib/gcc/microblaze-xilinx-elf/4.6.2/bs/m/le/crtend.o
 .text          0x00009f3c        0x0 d:/xilinx/14.4/sdk/sdk/gnu/microblaze/nt64/bin/../lib/gcc/microblaze-xilinx-elf/4.6.2/bs/m/le/crtn.o
 *(.text.*)
 .text.startup  0x00009f3c      0x278 ./src/wlan_mac_dcf.o
                0x00009f3c                main
 *(.gnu.linkonce.t.*)

.init           0x0000a1b4       0x3c
 *(.init)
 .init          0x0000a1b4       0x18 d:/xilinx/14.4/sdk/sdk/gnu/microblaze/nt64/bin/../lib/gcc/microblaze-xilinx-elf/4.6.2/bs/m/le/crti.o
                0x0000a1b4                __init
 .init          0x0000a1cc        0xc d:/xilinx/14.4/sdk/sdk/gnu/microblaze/nt64/bin/../lib/gcc/microblaze-xilinx-elf/4.6.2/bs/m/le/crtbegin.o
 .init          0x0000a1d8        0xc d:/xilinx/14.4/sdk/sdk/gnu/microblaze/nt64/bin/../lib/gcc/microblaze-xilinx-elf/4.6.2/bs/m/le/crtend.o
 .init          0x0000a1e4        0xc d:/xilinx/14.4/sdk/sdk/gnu/microblaze/nt64/bin/../lib/gcc/microblaze-xilinx-elf/4.6.2/bs/m/le/crtn.o

.fini           0x0000a1f0       0x20
 *(.fini)
 .fini          0x0000a1f0        0x8 d:/xilinx/14.4/sdk/sdk/gnu/microblaze/nt64/bin/../lib/gcc/microblaze-xilinx-elf/4.6.2/bs/m/le/crti.o
                0x0000a1f0                __fini
 .fini          0x0000a1f8        0xc d:/xilinx/14.4/sdk/sdk/gnu/microblaze/nt64/bin/../lib/gcc/microblaze-xilinx-elf/4.6.2/bs/m/le/crtbegin.o
 .fini          0x0000a204        0xc d:/xilinx/14.4/sdk/sdk/gnu/microblaze/nt64/bin/../lib/gcc/microblaze-xilinx-elf/4.6.2/bs/m/le/crtn.o

.ctors          0x0000a210        0x8
                0x0000a210                __CTOR_LIST__ = .
                0x0000a210                ___CTORS_LIST___ = .
 *crtbegin.o(.ctors)
 .ctors         0x0000a210        0x4 d:/xilinx/14.4/sdk/sdk/gnu/microblaze/nt64/bin/../lib/gcc/microblaze-xilinx-elf/4.6.2/bs/m/le/crtbegin.o
 *(EXCLUDE_FILE(*crtend.o) .ctors)
 *(SORT(.ctors.*))
 *(.ctors)
 .ctors         0x0000a214        0x4 d:/xilinx/14.4/sdk/sdk/gnu/microblaze/nt64/bin/../lib/gcc/microblaze-xilinx-elf/4.6.2/bs/m/le/crtend.o
                0x0000a218                __CTOR_END__ = .
                0x0000a218                ___CTORS_END___ = .

.dtors          0x0000a218        0x8
                0x0000a218                __DTOR_LIST__ = .
                0x0000a218                ___DTORS_LIST___ = .
 *crtbegin.o(.dtors)
 .dtors         0x0000a218        0x4 d:/xilinx/14.4/sdk/sdk/gnu/microblaze/nt64/bin/../lib/gcc/microblaze-xilinx-elf/4.6.2/bs/m/le/crtbegin.o
 *(EXCLUDE_FILE(*crtend.o) .dtors)
 *(SORT(.dtors.*))
 *(.dtors)
 .dtors         0x0000a21c        0x4 d:/xilinx/14.4/sdk/sdk/gnu/microblaze/nt64/bin/../lib/gcc/microblaze-xilinx-elf/4.6.2/bs/m/le/crtend.o
                0x0000a21c                __DTOR_END__
                0x0000a220                PROVIDE (__DTOR_END__, .)
                0x0000a220                PROVIDE (___DTORS_END___, .)

.rodata         0x0000a220     0x10f6
                0x0000a220                __rodata_start = .
 *(.rodata)
 .rodata        0x0000a220      0x434 ./wlan_mac_low_framework/wlan_mac_low.o
                0x0000a4dc                rssi_lookup_B5
                0x0000a558                rssi_lookup_B24
 .rodata        0x0000a654      0x32c ./wlan_mac_low_framework/wlan_phy_util.o
                0x0000a880                ones_in_chars
 .rodata        0x0000a980       0x70 ./wlan_mac_common/wlan_mac_ipc_util.o
 .rodata        0x0000a9f0      0x211 ./src/wlan_mac_dcf.o
 *fill*         0x0000ac01        0x3 00
 .rodata        0x0000ac04      0x164 ../../wlan_bsp_cpu_low/mb_low/lib\libxil.a(xil_printf.o)
 .rodata        0x0000ad68        0xa ../../wlan_bsp_cpu_low/mb_low/lib\libxil.a(xtmrctr.o)
 *fill*         0x0000ad72        0x2 00
 .rodata        0x0000ad74       0x4c ../../wlan_bsp_cpu_low/mb_low/lib\libxil.a(xtmrctr_options.o)
 .rodata        0x0000adc0        0x8 ../../wlan_bsp_cpu_low/mb_low/lib\libxil.a(xmbox.o)
 .rodata        0x0000adc8        0x9 ../../wlan_bsp_cpu_low/mb_low/lib\libxil.a(xmutex.o)
 *fill*         0x0000add1        0x3 00
 .rodata        0x0000add4      0x174 ../../wlan_bsp_cpu_low/mb_low/lib\libxil.a(radio_controller.o)
 .rodata        0x0000af48       0xaa ../../wlan_bsp_cpu_low/mb_low/lib\libxil.a(w3_ad_controller.o)
 *fill*         0x0000aff2        0x2 00
 .rodata        0x0000aff4       0x45 ../../wlan_bsp_cpu_low/mb_low/lib\libxil.a(w3_clock_controller.o)
 *fill*         0x0000b039        0x3 00
 .rodata        0x0000b03c       0x50 ../../wlan_bsp_cpu_low/mb_low/lib\libxil.a(w3_iic_eeprom.o)
 .rodata        0x0000b08c      0x284 ../../wlan_bsp_cpu_low/mb_low/lib\libc.a(lib_a-ctype_.o)
                0x0000b08c                _ctype_
 .rodata        0x0000b310        0x6 ../../wlan_bsp_cpu_low/mb_low/lib\libc.a(lib_a-impure.o)
                0x0000b310                _global_impure_ptr
 *(.rodata.*)
 *(.gnu.linkonce.r.*)
                0x0000b316                __rodata_end = .

.rela.dyn       0x0000b318        0x0
 .rela.text     0x00000000        0x0 d:/xilinx/14.4/sdk/sdk/gnu/microblaze/nt64/bin/../lib/gcc/microblaze-xilinx-elf/4.6.2/../../../../microblaze-xilinx-elf/lib/bs/m/le/crt0.o
 .rela.vectors.sw_exception
                0x00000000        0x0 d:/xilinx/14.4/sdk/sdk/gnu/microblaze/nt64/bin/../lib/gcc/microblaze-xilinx-elf/4.6.2/../../../../microblaze-xilinx-elf/lib/bs/m/le/crt0.o
 .rela.vectors.interrupt
                0x00000000        0x0 d:/xilinx/14.4/sdk/sdk/gnu/microblaze/nt64/bin/../lib/gcc/microblaze-xilinx-elf/4.6.2/../../../../microblaze-xilinx-elf/lib/bs/m/le/crt0.o
 .rela.vectors.hw_exception
                0x00000000        0x0 d:/xilinx/14.4/sdk/sdk/gnu/microblaze/nt64/bin/../lib/gcc/microblaze-xilinx-elf/4.6.2/../../../../microblaze-xilinx-elf/lib/bs/m/le/crt0.o
 .rela.text.startup
                0x00000000        0x0 d:/xilinx/14.4/sdk/sdk/gnu/microblaze/nt64/bin/../lib/gcc/microblaze-xilinx-elf/4.6.2/../../../../microblaze-xilinx-elf/lib/bs/m/le/crt0.o
 .rela.data     0x00000000        0x0 d:/xilinx/14.4/sdk/sdk/gnu/microblaze/nt64/bin/../lib/gcc/microblaze-xilinx-elf/4.6.2/../../../../microblaze-xilinx-elf/lib/bs/m/le/crt0.o

.sdata2         0x0000b316        0x4
                0x0000b318                . = ALIGN (0x8)
 *fill*         0x0000b316        0x2 00
                0x0000b318                __sdata2_start = .
 *(.sdata2)
 *(.sdata2.*)
 *(.gnu.linkonce.s2.*)
                0x0000b318                . = ALIGN (0x8)
                0x0000b318                __sdata2_end = .

.sbss2          0x0000b31a        0x0
                0x0000b31a                __sbss2_start = .
 *(.sbss2)
 *(.sbss2.*)
 *(.gnu.linkonce.sb2.*)
                0x0000b31a                __sbss2_end = .

.data           0x0000b31c      0x598
                0x0000b31c                . = ALIGN (0x4)
                0x0000b31c                __data_start = .
 *(.data)
 .data          0x0000b31c        0x0 d:/xilinx/14.4/sdk/sdk/gnu/microblaze/nt64/bin/../lib/gcc/microblaze-xilinx-elf/4.6.2/../../../../microblaze-xilinx-elf/lib/bs/m/le/crt0.o
 .data          0x0000b31c        0x0 d:/xilinx/14.4/sdk/sdk/gnu/microblaze/nt64/bin/../lib/gcc/microblaze-xilinx-elf/4.6.2/bs/m/le/crti.o
 .data          0x0000b31c        0x8 d:/xilinx/14.4/sdk/sdk/gnu/microblaze/nt64/bin/../lib/gcc/microblaze-xilinx-elf/4.6.2/bs/m/le/crtbegin.o
                0x0000b320                __dso_handle
 .data          0x0000b324        0x0 d:/xilinx/14.4/sdk/sdk/gnu/microblaze/nt64/bin/../lib/gcc/microblaze-xilinx-elf/4.6.2/../../../../microblaze-xilinx-elf/lib/bs/m/le/crtinit.o
 .data          0x0000b324        0x0 ./wlan_mac_low_framework/wlan_mac_low.o
 .data          0x0000b324        0x0 ./wlan_mac_low_framework/wlan_phy_util.o
 .data          0x0000b324        0x0 ./wlan_mac_common/wlan_mac_ipc_util.o
 .data          0x0000b324        0x0 ./src/wlan_mac_dcf.o
 .data          0x0000b324        0x0 ../../wlan_bsp_cpu_low/mb_low/lib\libxil.a(xil_printf.o)
 .data          0x0000b324        0x0 ../../wlan_bsp_cpu_low/mb_low/lib\libxil.a(_exception_handler.o)
 .data          0x0000b324        0x0 ../../wlan_bsp_cpu_low/mb_low/lib\libxil.a(_program_clean.o)
 .data          0x0000b324        0x0 ../../wlan_bsp_cpu_low/mb_low/lib\libxil.a(_program_init.o)
 .data          0x0000b324       0x4c ../../wlan_bsp_cpu_low/mb_low/lib\libxil.a(hw_exception_handler.o)
                0x0000b330                MB_ExceptionVectorTable
 .data          0x0000b370        0x0 ../../wlan_bsp_cpu_low/mb_low/lib\libxil.a(microblaze_enable_exceptions.o)
 .data          0x0000b370        0x0 ../../wlan_bsp_cpu_low/mb_low/lib\libxil.a(microblaze_interrupt_handler.o)
 .data          0x0000b370        0x8 ../../wlan_bsp_cpu_low/mb_low/lib\libxil.a(microblaze_interrupts_g.o)
                0x0000b370                MB_InterruptVectorTable
 .data          0x0000b378        0x0 ../../wlan_bsp_cpu_low/mb_low/lib\libxil.a(outbyte.o)
 .data          0x0000b378        0x0 ../../wlan_bsp_cpu_low/mb_low/lib\libxil.a(xtmrctr.o)
 .data          0x0000b378        0x8 ../../wlan_bsp_cpu_low/mb_low/lib\libxil.a(xtmrctr_g.o)
                0x0000b378                XTmrCtr_ConfigTable
 .data          0x0000b380        0x2 ../../wlan_bsp_cpu_low/mb_low/lib\libxil.a(xtmrctr_l.o)
                0x0000b380                XTmrCtr_Offsets
 .data          0x0000b382        0x0 ../../wlan_bsp_cpu_low/mb_low/lib\libxil.a(xtmrctr_options.o)
 .data          0x0000b382        0x0 ../../wlan_bsp_cpu_low/mb_low/lib\libxil.a(xuartlite_l.o)
 .data          0x0000b382        0x0 ../../wlan_bsp_cpu_low/mb_low/lib\libxil.a(xmbox.o)
 .data          0x0000b382        0x0 ../../wlan_bsp_cpu_low/mb_low/lib\libxil.a(xmbox_sinit.o)
 .data          0x0000b382        0x0 ../../wlan_bsp_cpu_low/mb_low/lib\libxil.a(xmutex.o)
 .data          0x0000b382        0x0 ../../wlan_bsp_cpu_low/mb_low/lib\libxil.a(xmutex_sinit.o)
 .data          0x0000b382        0x0 ../../wlan_bsp_cpu_low/mb_low/lib\libxil.a(radio_controller.o)
 .data          0x0000b382        0x0 ../../wlan_bsp_cpu_low/mb_low/lib\libxil.a(w3_ad_controller.o)
 .data          0x0000b382        0x0 ../../wlan_bsp_cpu_low/mb_low/lib\libxil.a(w3_clock_controller.o)
 .data          0x0000b382        0x0 ../../wlan_bsp_cpu_low/mb_low/lib\libxil.a(w3_iic_eeprom.o)
 .data          0x0000b382        0x0 ../../wlan_bsp_cpu_low/mb_low/lib\libxil.a(print.o)
 *fill*         0x0000b382        0x2 00
 .data          0x0000b384        0x4 ../../wlan_bsp_cpu_low/mb_low/lib\libxil.a(xbasic_types.o)
                0x0000b384                XWaitInAssert
 .data          0x0000b388        0x4 ../../wlan_bsp_cpu_low/mb_low/lib\libxil.a(xil_assert.o)
                0x0000b388                Xil_AssertWait
 .data          0x0000b38c        0xc ../../wlan_bsp_cpu_low/mb_low/lib\libxil.a(xmbox_g.o)
                0x0000b38c                XMbox_ConfigTable
 .data          0x0000b398       0x10 ../../wlan_bsp_cpu_low/mb_low/lib\libxil.a(xmutex_g.o)
                0x0000b398                XMutex_ConfigTable
 .data          0x0000b3a8        0x0 d:/xilinx/14.4/sdk/sdk/gnu/microblaze/nt64/bin/../lib/gcc/microblaze-xilinx-elf/4.6.2/bs/m/le\libgcc.a(udivsi3.o)
 .data          0x0000b3a8        0x0 d:/xilinx/14.4/sdk/sdk/gnu/microblaze/nt64/bin/../lib/gcc/microblaze-xilinx-elf/4.6.2/bs/m/le\libgcc.a(umodsi3.o)
 .data          0x0000b3a8        0x4 ../../wlan_bsp_cpu_low/mb_low/lib\libc.a(lib_a-ctype_.o)
                0x0000b3a8                __ctype_ptr__
 .data          0x0000b3ac        0x0 ../../wlan_bsp_cpu_low/mb_low/lib\libc.a(lib_a-exit.o)
 .data          0x0000b3ac       0xf4 ../../wlan_bsp_cpu_low/mb_low/lib\libc.a(lib_a-impure.o)
                0x0000b3ac                _impure_ptr
 .data          0x0000b4a0        0x0 ../../wlan_bsp_cpu_low/mb_low/lib\libc.a(lib_a-memcpy.o)
 .data          0x0000b4a0        0x0 ../../wlan_bsp_cpu_low/mb_low/lib\libc.a(lib_a-memset.o)
 .data          0x0000b4a0        0x0 ../../wlan_bsp_cpu_low/mb_low/lib\libc.a(lib_a-rand.o)
 .data          0x0000b4a0        0x0 ../../wlan_bsp_cpu_low/mb_low/lib\libc.a(lib_a-strlen.o)
 .data          0x0000b4a0        0x0 ../../wlan_bsp_cpu_low/mb_low/lib\libc.a(lib_a-__call_atexit.o)
 .data          0x0000b4a0        0x0 ../../wlan_bsp_cpu_low/mb_low/lib\libc.a(lib_a-malloc.o)
 .data          0x0000b4a0      0x410 ../../wlan_bsp_cpu_low/mb_low/lib\libc.a(lib_a-mallocr.o)
                0x0000b4a0                __malloc_sbrk_base
                0x0000b4a4                __malloc_trim_threshold
                0x0000b4a8                __malloc_av_
 .data          0x0000b8b0        0x0 ../../wlan_bsp_cpu_low/mb_low/lib\libc.a(lib_a-mlock.o)
 .data          0x0000b8b0        0x0 ../../wlan_bsp_cpu_low/mb_low/lib\libc.a(lib_a-sbrkr.o)
 .data          0x0000b8b0        0x0 ../../wlan_bsp_cpu_low/mb_low/lib\libc.a(lib_a-freer.o)
 .data          0x0000b8b0        0x0 ../../wlan_bsp_cpu_low/mb_low/lib\libc.a(lib_a-reent.o)
 .data          0x0000b8b0        0x0 ../../wlan_bsp_cpu_low/mb_low/lib\libxil.a(sbrk.o)
 .data          0x0000b8b0        0x0 ../../wlan_bsp_cpu_low/mb_low/lib\libxil.a(errno.o)
 .data          0x0000b8b0        0x0 d:/xilinx/14.4/sdk/sdk/gnu/microblaze/nt64/bin/../lib/gcc/microblaze-xilinx-elf/4.6.2/bs/m/le\libgcc.a(_muldi3.o)
 .data          0x0000b8b0        0x4 d:/xilinx/14.4/sdk/sdk/gnu/microblaze/nt64/bin/../lib/gcc/microblaze-xilinx-elf/4.6.2/bs/m/le/crtend.o
 .data          0x0000b8b4        0x0 d:/xilinx/14.4/sdk/sdk/gnu/microblaze/nt64/bin/../lib/gcc/microblaze-xilinx-elf/4.6.2/bs/m/le/crtn.o
 *(.data.*)
 *(.gnu.linkonce.d.*)
                0x0000b8b4                __data_end = .

.got
 *(.got)

.got1
 *(.got1)

.got2
 *(.got2)

.eh_frame       0x0000b8b4        0x4
 *(.eh_frame)
 .eh_frame      0x0000b8b4        0x0 d:/xilinx/14.4/sdk/sdk/gnu/microblaze/nt64/bin/../lib/gcc/microblaze-xilinx-elf/4.6.2/bs/m/le/crtbegin.o
 .eh_frame      0x0000b8b4        0x4 d:/xilinx/14.4/sdk/sdk/gnu/microblaze/nt64/bin/../lib/gcc/microblaze-xilinx-elf/4.6.2/bs/m/le/crtend.o

.jcr            0x0000b8b8        0x4
 *(.jcr)
 .jcr           0x0000b8b8        0x0 d:/xilinx/14.4/sdk/sdk/gnu/microblaze/nt64/bin/../lib/gcc/microblaze-xilinx-elf/4.6.2/bs/m/le/crtbegin.o
 .jcr           0x0000b8b8        0x4 d:/xilinx/14.4/sdk/sdk/gnu/microblaze/nt64/bin/../lib/gcc/microblaze-xilinx-elf/4.6.2/bs/m/le/crtend.o

.gcc_except_table
 *(.gcc_except_table)

.sdata          0x0000b8bc        0x4
                0x0000b8c0                . = ALIGN (0x8)
 *fill*         0x0000b8bc        0x4 00
                0x0000b8c0                __sdata_start = .
 *(.sdata)
 *(.sdata.*)
 *(.gnu.linkonce.s.*)
                0x0000b8c0                __sdata_end = .

.sbss           0x0000b8c0        0x0
                0x0000b8c0                . = ALIGN (0x4)
                0x0000b8c0                __sbss_start = .
 *(.sbss)
 *(.sbss.*)
 *(.gnu.linkonce.sb.*)
                0x0000b8c0                . = ALIGN (0x8)
                0x0000b8c0                __sbss_end = .

.tdata          0x0000b8c0        0x0
                0x0000b8c0                __tdata_start = .
 *(.tdata)
 *(.tdata.*)
 *(.gnu.linkonce.td.*)
                0x0000b8c0                __tdata_end = .

.tbss           0x0000b8c0        0x0
                0x0000b8c0                __tbss_start = .
 *(.tbss)
 *(.tbss.*)
 *(.gnu.linkonce.tb.*)
                0x0000b8c0                __tbss_end = .

.bss            0x0000b8c0      0x9bc
                0x0000b8c0                . = ALIGN (0x4)
                0x0000b8c0                __bss_start = .
 *(.bss)
 .bss           0x0000b8c0        0x0 d:/xilinx/14.4/sdk/sdk/gnu/microblaze/nt64/bin/../lib/gcc/microblaze-xilinx-elf/4.6.2/../../../../microblaze-xilinx-elf/lib/bs/m/le/crt0.o
 .bss           0x0000b8c0        0x0 d:/xilinx/14.4/sdk/sdk/gnu/microblaze/nt64/bin/../lib/gcc/microblaze-xilinx-elf/4.6.2/bs/m/le/crti.o
 .bss           0x0000b8c0       0x20 d:/xilinx/14.4/sdk/sdk/gnu/microblaze/nt64/bin/../lib/gcc/microblaze-xilinx-elf/4.6.2/bs/m/le/crtbegin.o
 .bss           0x0000b8e0        0x0 d:/xilinx/14.4/sdk/sdk/gnu/microblaze/nt64/bin/../lib/gcc/microblaze-xilinx-elf/4.6.2/../../../../microblaze-xilinx-elf/lib/bs/m/le/crtinit.o
 .bss           0x0000b8e0      0x8e0 ./wlan_mac_low_framework/wlan_mac_low.o
 .bss           0x0000c1c0       0x14 ./wlan_mac_low_framework/wlan_phy_util.o
 .bss           0x0000c1d4       0x24 ./wlan_mac_common/wlan_mac_ipc_util.o
 .bss           0x0000c1f8       0x34 ./src/wlan_mac_dcf.o
 .bss           0x0000c22c        0x0 ../../wlan_bsp_cpu_low/mb_low/lib\libxil.a(xil_printf.o)
 .bss           0x0000c22c        0x0 ../../wlan_bsp_cpu_low/mb_low/lib\libxil.a(_exception_handler.o)
 .bss           0x0000c22c        0x0 ../../wlan_bsp_cpu_low/mb_low/lib\libxil.a(_program_clean.o)
 .bss           0x0000c22c        0x0 ../../wlan_bsp_cpu_low/mb_low/lib\libxil.a(_program_init.o)
 .bss           0x0000c22c        0x0 ../../wlan_bsp_cpu_low/mb_low/lib\libxil.a(hw_exception_handler.o)
 .bss           0x0000c22c        0x0 ../../wlan_bsp_cpu_low/mb_low/lib\libxil.a(microblaze_enable_exceptions.o)
 .bss           0x0000c22c        0x0 ../../wlan_bsp_cpu_low/mb_low/lib\libxil.a(microblaze_interrupt_handler.o)
 .bss           0x0000c22c        0x0 ../../wlan_bsp_cpu_low/mb_low/lib\libxil.a(microblaze_interrupts_g.o)
 .bss           0x0000c22c        0x0 ../../wlan_bsp_cpu_low/mb_low/lib\libxil.a(outbyte.o)
 .bss           0x0000c22c        0x0 ../../wlan_bsp_cpu_low/mb_low/lib\libxil.a(xtmrctr.o)
 .bss           0x0000c22c        0x0 ../../wlan_bsp_cpu_low/mb_low/lib\libxil.a(xtmrctr_g.o)
 .bss           0x0000c22c        0x0 ../../wlan_bsp_cpu_low/mb_low/lib\libxil.a(xtmrctr_l.o)
 .bss           0x0000c22c        0x0 ../../wlan_bsp_cpu_low/mb_low/lib\libxil.a(xtmrctr_options.o)
 .bss           0x0000c22c        0x0 ../../wlan_bsp_cpu_low/mb_low/lib\libxil.a(xuartlite_l.o)
 .bss           0x0000c22c        0x0 ../../wlan_bsp_cpu_low/mb_low/lib\libxil.a(xmbox.o)
 .bss           0x0000c22c        0x0 ../../wlan_bsp_cpu_low/mb_low/lib\libxil.a(xmbox_sinit.o)
 .bss           0x0000c22c        0x0 ../../wlan_bsp_cpu_low/mb_low/lib\libxil.a(xmutex.o)
 .bss           0x0000c22c        0x0 ../../wlan_bsp_cpu_low/mb_low/lib\libxil.a(xmutex_sinit.o)
 .bss           0x0000c22c        0x0 ../../wlan_bsp_cpu_low/mb_low/lib\libxil.a(radio_controller.o)
 .bss           0x0000c22c        0x0 ../../wlan_bsp_cpu_low/mb_low/lib\libxil.a(w3_ad_controller.o)
 .bss           0x0000c22c        0x0 ../../wlan_bsp_cpu_low/mb_low/lib\libxil.a(w3_clock_controller.o)
 .bss           0x0000c22c        0x0 ../../wlan_bsp_cpu_low/mb_low/lib\libxil.a(w3_iic_eeprom.o)
 .bss           0x0000c22c        0x0 ../../wlan_bsp_cpu_low/mb_low/lib\libxil.a(print.o)
 .bss           0x0000c22c        0x4 ../../wlan_bsp_cpu_low/mb_low/lib\libxil.a(xbasic_types.o)
 .bss           0x0000c230        0x4 ../../wlan_bsp_cpu_low/mb_low/lib\libxil.a(xil_assert.o)
 .bss           0x0000c234        0x0 ../../wlan_bsp_cpu_low/mb_low/lib\libxil.a(xmbox_g.o)
 .bss           0x0000c234        0x0 ../../wlan_bsp_cpu_low/mb_low/lib\libxil.a(xmutex_g.o)
 .bss           0x0000c234        0x0 d:/xilinx/14.4/sdk/sdk/gnu/microblaze/nt64/bin/../lib/gcc/microblaze-xilinx-elf/4.6.2/bs/m/le\libgcc.a(udivsi3.o)
 .bss           0x0000c234        0x0 d:/xilinx/14.4/sdk/sdk/gnu/microblaze/nt64/bin/../lib/gcc/microblaze-xilinx-elf/4.6.2/bs/m/le\libgcc.a(umodsi3.o)
 .bss           0x0000c234        0x0 ../../wlan_bsp_cpu_low/mb_low/lib\libc.a(lib_a-ctype_.o)
 .bss           0x0000c234        0x0 ../../wlan_bsp_cpu_low/mb_low/lib\libc.a(lib_a-exit.o)
 .bss           0x0000c234        0x0 ../../wlan_bsp_cpu_low/mb_low/lib\libc.a(lib_a-impure.o)
 .bss           0x0000c234        0x0 ../../wlan_bsp_cpu_low/mb_low/lib\libc.a(lib_a-memcpy.o)
 .bss           0x0000c234        0x0 ../../wlan_bsp_cpu_low/mb_low/lib\libc.a(lib_a-memset.o)
 .bss           0x0000c234        0x0 ../../wlan_bsp_cpu_low/mb_low/lib\libc.a(lib_a-rand.o)
 .bss           0x0000c234        0x0 ../../wlan_bsp_cpu_low/mb_low/lib\libc.a(lib_a-strlen.o)
 .bss           0x0000c234        0x0 ../../wlan_bsp_cpu_low/mb_low/lib\libc.a(lib_a-__call_atexit.o)
 .bss           0x0000c234        0x0 ../../wlan_bsp_cpu_low/mb_low/lib\libc.a(lib_a-malloc.o)
 .bss           0x0000c234       0x34 ../../wlan_bsp_cpu_low/mb_low/lib\libc.a(lib_a-mallocr.o)
                0x0000c234                __malloc_current_mallinfo
                0x0000c25c                __malloc_max_total_mem
                0x0000c260                __malloc_max_sbrked_mem
                0x0000c264                __malloc_top_pad
 .bss           0x0000c268        0x0 ../../wlan_bsp_cpu_low/mb_low/lib\libc.a(lib_a-mlock.o)
 .bss           0x0000c268        0x0 ../../wlan_bsp_cpu_low/mb_low/lib\libc.a(lib_a-sbrkr.o)
 .bss           0x0000c268        0x0 ../../wlan_bsp_cpu_low/mb_low/lib\libc.a(lib_a-freer.o)
 .bss           0x0000c268        0x0 ../../wlan_bsp_cpu_low/mb_low/lib\libc.a(lib_a-reent.o)
 .bss           0x0000c268        0x4 ../../wlan_bsp_cpu_low/mb_low/lib\libxil.a(sbrk.o)
 .bss           0x0000c26c        0x0 ../../wlan_bsp_cpu_low/mb_low/lib\libxil.a(errno.o)
 .bss           0x0000c26c        0x0 d:/xilinx/14.4/sdk/sdk/gnu/microblaze/nt64/bin/../lib/gcc/microblaze-xilinx-elf/4.6.2/bs/m/le\libgcc.a(_muldi3.o)
 .bss           0x0000c26c        0x0 d:/xilinx/14.4/sdk/sdk/gnu/microblaze/nt64/bin/../lib/gcc/microblaze-xilinx-elf/4.6.2/bs/m/le/crtend.o
 .bss           0x0000c26c        0x0 d:/xilinx/14.4/sdk/sdk/gnu/microblaze/nt64/bin/../lib/gcc/microblaze-xilinx-elf/4.6.2/bs/m/le/crtn.o
 *(.bss.*)
 *(.gnu.linkonce.b.*)
 *(COMMON)
 COMMON         0x0000c26c        0x2 ./src/wlan_mac_dcf.o
                0x0000c26c                gl_red_led_index
                0x0000c26d                gl_green_led_index
 *fill*         0x0000c26e        0x2 00
 COMMON         0x0000c270        0x4 ../../wlan_bsp_cpu_low/mb_low/lib\libxil.a(xbasic_types.o)
                0x0000c270                XAssertStatus
 COMMON         0x0000c274        0x4 ../../wlan_bsp_cpu_low/mb_low/lib\libxil.a(xil_assert.o)
                0x0000c274                Xil_AssertStatus
 COMMON         0x0000c278        0x4 ../../wlan_bsp_cpu_low/mb_low/lib\libc.a(lib_a-reent.o)
                0x0000c278                errno
                0x0000c27c                . = ALIGN (0x4)
                0x0000c27c                __bss_end = .
                0x0000b8c0                _SDA_BASE_ = (__sdata_start + ((__sbss_end - __sdata_start) / 0x2))
                0x0000b319                _SDA2_BASE_ = (__sdata2_start + ((__sbss2_end - __sdata2_start) / 0x2))

.heap           0x0000c27c      0x404
                0x0000c280                . = ALIGN (0x8)
 *fill*         0x0000c27c        0x4 00
                0x0000c280                _heap = .
                0x0000c280                _heap_start = .
                0x0000c680                . = (. + _HEAP_SIZE)
 *fill*         0x0000c280      0x400 00
                0x0000c680                _heap_end = .

.stack          0x0000c680      0x400
                0x0000c680                _stack_end = .
                0x0000ca80                . = (. + _STACK_SIZE)
 *fill*         0x0000c680      0x400 00
                0x0000ca80                . = ALIGN (0x8)
                0x0000ca80                _stack = .
                0x0000ca80                __stack = _stack
                0x0000ca80                _end = .
LOAD ./wlan_mac_low_framework/wlan_mac_low.o
LOAD ./wlan_mac_low_framework/wlan_phy_util.o
LOAD ./wlan_mac_common/wlan_mac_ipc_util.o
LOAD ./src/wlan_mac_dcf.o
START GROUP
LOAD ../../wlan_bsp_cpu_low/mb_low/lib\libxil.a
LOAD d:/xilinx/14.4/sdk/sdk/gnu/microblaze/nt64/bin/../lib/gcc/microblaze-xilinx-elf/4.6.2/bs/m/le\libgcc.a
LOAD ../../wlan_bsp_cpu_low/mb_low/lib\libc.a
END GROUP
LOAD d:/xilinx/14.4/sdk/sdk/gnu/microblaze/nt64/bin/../lib/gcc/microblaze-xilinx-elf/4.6.2/bs/m/le\libgcc.a
START GROUP
LOAD ../../wlan_bsp_cpu_low/mb_low/lib\libxil.a
LOAD ../../wlan_bsp_cpu_low/mb_low/lib\libc.a
LOAD ../../wlan_bsp_cpu_low/mb_low/lib\libm.a
END GROUP
LOAD d:/xilinx/14.4/sdk/sdk/gnu/microblaze/nt64/bin/../lib/gcc/microblaze-xilinx-elf/4.6.2/bs/m/le\libgcc.a
LOAD d:/xilinx/14.4/sdk/sdk/gnu/microblaze/nt64/bin/../lib/gcc/microblaze-xilinx-elf/4.6.2/bs/m/le/crtend.o
LOAD d:/xilinx/14.4/sdk/sdk/gnu/microblaze/nt64/bin/../lib/gcc/microblaze-xilinx-elf/4.6.2/bs/m/le/crtn.o
OUTPUT(wlan_mac_low_dcf.elf elf32-microblazeel)

.debug_line     0x00000000     0x74f0
 .debug_line    0x00000000       0xaa d:/xilinx/14.4/sdk/sdk/gnu/microblaze/nt64/bin/../lib/gcc/microblaze-xilinx-elf/4.6.2/../../../../microblaze-xilinx-elf/lib/bs/m/le/crt0.o
 .debug_line    0x000000aa       0x75 d:/xilinx/14.4/sdk/sdk/gnu/microblaze/nt64/bin/../lib/gcc/microblaze-xilinx-elf/4.6.2/bs/m/le/crti.o
 .debug_line    0x0000011f       0x86 d:/xilinx/14.4/sdk/sdk/gnu/microblaze/nt64/bin/../lib/gcc/microblaze-xilinx-elf/4.6.2/../../../../microblaze-xilinx-elf/lib/bs/m/le/crtinit.o
 .debug_line    0x000001a5     0x10b2 ./wlan_mac_low_framework/wlan_mac_low.o
 .debug_line    0x00001257      0x8c7 ./wlan_mac_low_framework/wlan_phy_util.o
 .debug_line    0x00001b1e      0x4e3 ./wlan_mac_common/wlan_mac_ipc_util.o
 .debug_line    0x00002001      0xad4 ./src/wlan_mac_dcf.o
 .debug_line    0x00002ad5      0x565 ../../wlan_bsp_cpu_low/mb_low/lib\libxil.a(xil_printf.o)
 .debug_line    0x0000303a       0x70 ../../wlan_bsp_cpu_low/mb_low/lib\libxil.a(_exception_handler.o)
 .debug_line    0x000030aa       0x6c ../../wlan_bsp_cpu_low/mb_low/lib\libxil.a(_program_clean.o)
 .debug_line    0x00003116       0x6b ../../wlan_bsp_cpu_low/mb_low/lib\libxil.a(_program_init.o)
 .debug_line    0x00003181      0x10d ../../wlan_bsp_cpu_low/mb_low/lib\libxil.a(hw_exception_handler.o)
 .debug_line    0x0000328e       0x52 ../../wlan_bsp_cpu_low/mb_low/lib\libxil.a(microblaze_enable_exceptions.o)
 .debug_line    0x000032e0       0xd6 ../../wlan_bsp_cpu_low/mb_low/lib\libxil.a(microblaze_interrupt_handler.o)
 .debug_line    0x000033b6       0x81 ../../wlan_bsp_cpu_low/mb_low/lib\libxil.a(microblaze_interrupts_g.o)
 .debug_line    0x00003437       0x59 ../../wlan_bsp_cpu_low/mb_low/lib\libxil.a(outbyte.o)
 .debug_line    0x00003490      0x584 ../../wlan_bsp_cpu_low/mb_low/lib\libxil.a(xtmrctr.o)
 .debug_line    0x00003a14       0x60 ../../wlan_bsp_cpu_low/mb_low/lib\libxil.a(xtmrctr_g.o)
 .debug_line    0x00003a74       0x53 ../../wlan_bsp_cpu_low/mb_low/lib\libxil.a(xtmrctr_l.o)
 .debug_line    0x00003ac7      0x214 ../../wlan_bsp_cpu_low/mb_low/lib\libxil.a(xtmrctr_options.o)
 .debug_line    0x00003cdb       0xa5 ../../wlan_bsp_cpu_low/mb_low/lib\libxil.a(xuartlite_l.o)
 .debug_line    0x00003d80      0x9f5 ../../wlan_bsp_cpu_low/mb_low/lib\libxil.a(xmbox.o)
 .debug_line    0x00004775       0x83 ../../wlan_bsp_cpu_low/mb_low/lib\libxil.a(xmbox_sinit.o)
 .debug_line    0x000047f8      0x4a7 ../../wlan_bsp_cpu_low/mb_low/lib\libxil.a(xmutex.o)
 .debug_line    0x00004c9f       0x85 ../../wlan_bsp_cpu_low/mb_low/lib\libxil.a(xmutex_sinit.o)
 .debug_line    0x00004d24      0xc61 ../../wlan_bsp_cpu_low/mb_low/lib\libxil.a(radio_controller.o)
 .debug_line    0x00005985      0xb80 ../../wlan_bsp_cpu_low/mb_low/lib\libxil.a(w3_ad_controller.o)
 .debug_line    0x00006505      0x4bb ../../wlan_bsp_cpu_low/mb_low/lib\libxil.a(w3_clock_controller.o)
 .debug_line    0x000069c0      0x45a ../../wlan_bsp_cpu_low/mb_low/lib\libxil.a(w3_iic_eeprom.o)
 .debug_line    0x00006e1a       0x8a ../../wlan_bsp_cpu_low/mb_low/lib\libxil.a(print.o)
 .debug_line    0x00006ea4       0xa8 ../../wlan_bsp_cpu_low/mb_low/lib\libxil.a(xbasic_types.o)
 .debug_line    0x00006f4c       0x94 ../../wlan_bsp_cpu_low/mb_low/lib\libxil.a(xil_assert.o)
 .debug_line    0x00006fe0       0x5f ../../wlan_bsp_cpu_low/mb_low/lib\libxil.a(xmbox_g.o)
 .debug_line    0x0000703f       0x61 ../../wlan_bsp_cpu_low/mb_low/lib\libxil.a(xmutex_g.o)
 .debug_line    0x000070a0       0x91 d:/xilinx/14.4/sdk/sdk/gnu/microblaze/nt64/bin/../lib/gcc/microblaze-xilinx-elf/4.6.2/bs/m/le\libgcc.a(udivsi3.o)
 .debug_line    0x00007131       0x95 d:/xilinx/14.4/sdk/sdk/gnu/microblaze/nt64/bin/../lib/gcc/microblaze-xilinx-elf/4.6.2/bs/m/le\libgcc.a(umodsi3.o)
 .debug_line    0x000071c6       0xb3 ../../wlan_bsp_cpu_low/mb_low/lib\libxil.a(sbrk.o)
 .debug_line    0x00007279      0x159 ../../wlan_bsp_cpu_low/mb_low/lib\libxil.a(errno.o)
 .debug_line    0x000073d2       0xab d:/xilinx/14.4/sdk/sdk/gnu/microblaze/nt64/bin/../lib/gcc/microblaze-xilinx-elf/4.6.2/bs/m/le\libgcc.a(_muldi3.o)
 .debug_line    0x0000747d       0x73 d:/xilinx/14.4/sdk/sdk/gnu/microblaze/nt64/bin/../lib/gcc/microblaze-xilinx-elf/4.6.2/bs/m/le/crtn.o

.debug_info     0x00000000     0x9796
 .debug_info    0x00000000       0xb2 d:/xilinx/14.4/sdk/sdk/gnu/microblaze/nt64/bin/../lib/gcc/microblaze-xilinx-elf/4.6.2/../../../../microblaze-xilinx-elf/lib/bs/m/le/crt0.o
 .debug_info    0x000000b2       0x80 d:/xilinx/14.4/sdk/sdk/gnu/microblaze/nt64/bin/../lib/gcc/microblaze-xilinx-elf/4.6.2/bs/m/le/crti.o
 .debug_info    0x00000132       0xb9 d:/xilinx/14.4/sdk/sdk/gnu/microblaze/nt64/bin/../lib/gcc/microblaze-xilinx-elf/4.6.2/../../../../microblaze-xilinx-elf/lib/bs/m/le/crtinit.o
 .debug_info    0x000001eb      0xf92 ./wlan_mac_low_framework/wlan_mac_low.o
 .debug_info    0x0000117d      0x56e ./wlan_mac_low_framework/wlan_phy_util.o
 .debug_info    0x000016eb      0x569 ./wlan_mac_common/wlan_mac_ipc_util.o
 .debug_info    0x00001c54      0xb21 ./src/wlan_mac_dcf.o
 .debug_info    0x00002775      0x406 ../../wlan_bsp_cpu_low/mb_low/lib\libxil.a(xil_printf.o)
 .debug_info    0x00002b7b       0xc4 ../../wlan_bsp_cpu_low/mb_low/lib\libxil.a(_exception_handler.o)
 .debug_info    0x00002c3f       0xc0 ../../wlan_bsp_cpu_low/mb_low/lib\libxil.a(_program_clean.o)
 .debug_info    0x00002cff       0xbf ../../wlan_bsp_cpu_low/mb_low/lib\libxil.a(_program_init.o)
 .debug_info    0x00002dbe       0x9b ../../wlan_bsp_cpu_low/mb_low/lib\libxil.a(hw_exception_handler.o)
 .debug_info    0x00002e59       0xa3 ../../wlan_bsp_cpu_low/mb_low/lib\libxil.a(microblaze_enable_exceptions.o)
 .debug_info    0x00002efc      0x116 ../../wlan_bsp_cpu_low/mb_low/lib\libxil.a(microblaze_interrupt_handler.o)
 .debug_info    0x00003012       0xd6 ../../wlan_bsp_cpu_low/mb_low/lib\libxil.a(microblaze_interrupts_g.o)
 .debug_info    0x000030e8       0x96 ../../wlan_bsp_cpu_low/mb_low/lib\libxil.a(outbyte.o)
 .debug_info    0x0000317e      0x4eb ../../wlan_bsp_cpu_low/mb_low/lib\libxil.a(xtmrctr.o)
 .debug_info    0x00003669       0xdb ../../wlan_bsp_cpu_low/mb_low/lib\libxil.a(xtmrctr_g.o)
 .debug_info    0x00003744       0x9f ../../wlan_bsp_cpu_low/mb_low/lib\libxil.a(xtmrctr_l.o)
 .debug_info    0x000037e3      0x298 ../../wlan_bsp_cpu_low/mb_low/lib\libxil.a(xtmrctr_options.o)
 .debug_info    0x00003a7b       0xe1 ../../wlan_bsp_cpu_low/mb_low/lib\libxil.a(xuartlite_l.o)
 .debug_info    0x00003b5c      0x6d5 ../../wlan_bsp_cpu_low/mb_low/lib\libxil.a(xmbox.o)
 .debug_info    0x00004231      0x180 ../../wlan_bsp_cpu_low/mb_low/lib\libxil.a(xmbox_sinit.o)
 .debug_info    0x000043b1      0x40e ../../wlan_bsp_cpu_low/mb_low/lib\libxil.a(xmutex.o)
 .debug_info    0x000047bf      0x172 ../../wlan_bsp_cpu_low/mb_low/lib\libxil.a(xmutex_sinit.o)
 .debug_info    0x00004931      0x893 ../../wlan_bsp_cpu_low/mb_low/lib\libxil.a(radio_controller.o)
 .debug_info    0x000051c4     0x1b67 ../../wlan_bsp_cpu_low/mb_low/lib\libxil.a(w3_ad_controller.o)
 .debug_info    0x00006d2b     0x13ad ../../wlan_bsp_cpu_low/mb_low/lib\libxil.a(w3_clock_controller.o)
 .debug_info    0x000080d8      0x3c0 ../../wlan_bsp_cpu_low/mb_low/lib\libxil.a(w3_iic_eeprom.o)
 .debug_info    0x00008498       0x78 ../../wlan_bsp_cpu_low/mb_low/lib\libxil.a(print.o)
 .debug_info    0x00008510      0x15c ../../wlan_bsp_cpu_low/mb_low/lib\libxil.a(xbasic_types.o)
 .debug_info    0x0000866c      0x139 ../../wlan_bsp_cpu_low/mb_low/lib\libxil.a(xil_assert.o)
 .debug_info    0x000087a5      0x130 ../../wlan_bsp_cpu_low/mb_low/lib\libxil.a(xmbox_g.o)
 .debug_info    0x000088d5      0x122 ../../wlan_bsp_cpu_low/mb_low/lib\libxil.a(xmutex_g.o)
 .debug_info    0x000089f7       0xad d:/xilinx/14.4/sdk/sdk/gnu/microblaze/nt64/bin/../lib/gcc/microblaze-xilinx-elf/4.6.2/bs/m/le\libgcc.a(udivsi3.o)
 .debug_info    0x00008aa4       0xad d:/xilinx/14.4/sdk/sdk/gnu/microblaze/nt64/bin/../lib/gcc/microblaze-xilinx-elf/4.6.2/bs/m/le\libgcc.a(umodsi3.o)
 .debug_info    0x00008b51      0x101 ../../wlan_bsp_cpu_low/mb_low/lib\libxil.a(sbrk.o)
 .debug_info    0x00008c52      0x8cf ../../wlan_bsp_cpu_low/mb_low/lib\libxil.a(errno.o)
 .debug_info    0x00009521      0x1f5 d:/xilinx/14.4/sdk/sdk/gnu/microblaze/nt64/bin/../lib/gcc/microblaze-xilinx-elf/4.6.2/bs/m/le\libgcc.a(_muldi3.o)
 .debug_info    0x00009716       0x80 d:/xilinx/14.4/sdk/sdk/gnu/microblaze/nt64/bin/../lib/gcc/microblaze-xilinx-elf/4.6.2/bs/m/le/crtn.o

.debug_abbrev   0x00000000     0x24b1
 .debug_abbrev  0x00000000       0x12 d:/xilinx/14.4/sdk/sdk/gnu/microblaze/nt64/bin/../lib/gcc/microblaze-xilinx-elf/4.6.2/../../../../microblaze-xilinx-elf/lib/bs/m/le/crt0.o
 .debug_abbrev  0x00000012       0x12 d:/xilinx/14.4/sdk/sdk/gnu/microblaze/nt64/bin/../lib/gcc/microblaze-xilinx-elf/4.6.2/bs/m/le/crti.o
 .debug_abbrev  0x00000024       0x14 d:/xilinx/14.4/sdk/sdk/gnu/microblaze/nt64/bin/../lib/gcc/microblaze-xilinx-elf/4.6.2/../../../../microblaze-xilinx-elf/lib/bs/m/le/crtinit.o
 .debug_abbrev  0x00000038      0x324 ./wlan_mac_low_framework/wlan_mac_low.o
 .debug_abbrev  0x0000035c      0x2ad ./wlan_mac_low_framework/wlan_phy_util.o
 .debug_abbrev  0x00000609      0x196 ./wlan_mac_common/wlan_mac_ipc_util.o
 .debug_abbrev  0x0000079f      0x275 ./src/wlan_mac_dcf.o
 .debug_abbrev  0x00000a14      0x1f8 ../../wlan_bsp_cpu_low/mb_low/lib\libxil.a(xil_printf.o)
 .debug_abbrev  0x00000c0c       0x14 ../../wlan_bsp_cpu_low/mb_low/lib\libxil.a(_exception_handler.o)
 .debug_abbrev  0x00000c20       0x14 ../../wlan_bsp_cpu_low/mb_low/lib\libxil.a(_program_clean.o)
 .debug_abbrev  0x00000c34       0x14 ../../wlan_bsp_cpu_low/mb_low/lib\libxil.a(_program_init.o)
 .debug_abbrev  0x00000c48       0x14 ../../wlan_bsp_cpu_low/mb_low/lib\libxil.a(hw_exception_handler.o)
 .debug_abbrev  0x00000c5c       0x14 ../../wlan_bsp_cpu_low/mb_low/lib\libxil.a(microblaze_enable_exceptions.o)
 .debug_abbrev  0x00000c70       0xbf ../../wlan_bsp_cpu_low/mb_low/lib\libxil.a(microblaze_interrupt_handler.o)
 .debug_abbrev  0x00000d2f       0x96 ../../wlan_bsp_cpu_low/mb_low/lib\libxil.a(microblaze_interrupts_g.o)
 .debug_abbrev  0x00000dc5       0x4e ../../wlan_bsp_cpu_low/mb_low/lib\libxil.a(outbyte.o)
 .debug_abbrev  0x00000e13      0x1b7 ../../wlan_bsp_cpu_low/mb_low/lib\libxil.a(xtmrctr.o)
 .debug_abbrev  0x00000fca       0x83 ../../wlan_bsp_cpu_low/mb_low/lib\libxil.a(xtmrctr_g.o)
 .debug_abbrev  0x0000104d       0x5a ../../wlan_bsp_cpu_low/mb_low/lib\libxil.a(xtmrctr_l.o)
 .debug_abbrev  0x000010a7      0x10c ../../wlan_bsp_cpu_low/mb_low/lib\libxil.a(xtmrctr_options.o)
 .debug_abbrev  0x000011b3       0x74 ../../wlan_bsp_cpu_low/mb_low/lib\libxil.a(xuartlite_l.o)
 .debug_abbrev  0x00001227      0x144 ../../wlan_bsp_cpu_low/mb_low/lib\libxil.a(xmbox.o)
 .debug_abbrev  0x0000136b       0xce ../../wlan_bsp_cpu_low/mb_low/lib\libxil.a(xmbox_sinit.o)
 .debug_abbrev  0x00001439      0x125 ../../wlan_bsp_cpu_low/mb_low/lib\libxil.a(xmutex.o)
 .debug_abbrev  0x0000155e       0xce ../../wlan_bsp_cpu_low/mb_low/lib\libxil.a(xmutex_sinit.o)
 .debug_abbrev  0x0000162c      0x252 ../../wlan_bsp_cpu_low/mb_low/lib\libxil.a(radio_controller.o)
 .debug_abbrev  0x0000187e      0x253 ../../wlan_bsp_cpu_low/mb_low/lib\libxil.a(w3_ad_controller.o)
 .debug_abbrev  0x00001ad1      0x21d ../../wlan_bsp_cpu_low/mb_low/lib\libxil.a(w3_clock_controller.o)
 .debug_abbrev  0x00001cee      0x19c ../../wlan_bsp_cpu_low/mb_low/lib\libxil.a(w3_iic_eeprom.o)
 .debug_abbrev  0x00001e8a       0x76 ../../wlan_bsp_cpu_low/mb_low/lib\libxil.a(print.o)
 .debug_abbrev  0x00001f00       0xd4 ../../wlan_bsp_cpu_low/mb_low/lib\libxil.a(xbasic_types.o)
 .debug_abbrev  0x00001fd4       0xd4 ../../wlan_bsp_cpu_low/mb_low/lib\libxil.a(xil_assert.o)
 .debug_abbrev  0x000020a8       0x83 ../../wlan_bsp_cpu_low/mb_low/lib\libxil.a(xmbox_g.o)
 .debug_abbrev  0x0000212b       0x83 ../../wlan_bsp_cpu_low/mb_low/lib\libxil.a(xmutex_g.o)
 .debug_abbrev  0x000021ae       0x14 d:/xilinx/14.4/sdk/sdk/gnu/microblaze/nt64/bin/../lib/gcc/microblaze-xilinx-elf/4.6.2/bs/m/le\libgcc.a(udivsi3.o)
 .debug_abbrev  0x000021c2       0x14 d:/xilinx/14.4/sdk/sdk/gnu/microblaze/nt64/bin/../lib/gcc/microblaze-xilinx-elf/4.6.2/bs/m/le\libgcc.a(umodsi3.o)
 .debug_abbrev  0x000021d6       0x96 ../../wlan_bsp_cpu_low/mb_low/lib\libxil.a(sbrk.o)
 .debug_abbrev  0x0000226c      0x147 ../../wlan_bsp_cpu_low/mb_low/lib\libxil.a(errno.o)
 .debug_abbrev  0x000023b3       0xec d:/xilinx/14.4/sdk/sdk/gnu/microblaze/nt64/bin/../lib/gcc/microblaze-xilinx-elf/4.6.2/bs/m/le\libgcc.a(_muldi3.o)
 .debug_abbrev  0x0000249f       0x12 d:/xilinx/14.4/sdk/sdk/gnu/microblaze/nt64/bin/../lib/gcc/microblaze-xilinx-elf/4.6.2/bs/m/le/crtn.o

.debug_aranges  0x00000000      0x498
 .debug_aranges
                0x00000000       0x40 d:/xilinx/14.4/sdk/sdk/gnu/microblaze/nt64/bin/../lib/gcc/microblaze-xilinx-elf/4.6.2/../../../../microblaze-xilinx-elf/lib/bs/m/le/crt0.o
 .debug_aranges
                0x00000040       0x28 d:/xilinx/14.4/sdk/sdk/gnu/microblaze/nt64/bin/../lib/gcc/microblaze-xilinx-elf/4.6.2/bs/m/le/crti.o
 .debug_aranges
                0x00000068       0x20 d:/xilinx/14.4/sdk/sdk/gnu/microblaze/nt64/bin/../lib/gcc/microblaze-xilinx-elf/4.6.2/../../../../microblaze-xilinx-elf/lib/bs/m/le/crtinit.o
 .debug_aranges
                0x00000088       0x20 ./wlan_mac_low_framework/wlan_mac_low.o
 .debug_aranges
                0x000000a8       0x20 ./wlan_mac_low_framework/wlan_phy_util.o
 .debug_aranges
                0x000000c8       0x20 ./wlan_mac_common/wlan_mac_ipc_util.o
 .debug_aranges
                0x000000e8       0x28 ./src/wlan_mac_dcf.o
 .debug_aranges
                0x00000110       0x20 ../../wlan_bsp_cpu_low/mb_low/lib\libxil.a(xil_printf.o)
 .debug_aranges
                0x00000130       0x20 ../../wlan_bsp_cpu_low/mb_low/lib\libxil.a(_exception_handler.o)
 .debug_aranges
                0x00000150       0x20 ../../wlan_bsp_cpu_low/mb_low/lib\libxil.a(_program_clean.o)
 .debug_aranges
                0x00000170       0x20 ../../wlan_bsp_cpu_low/mb_low/lib\libxil.a(_program_init.o)
 .debug_aranges
                0x00000190       0x20 ../../wlan_bsp_cpu_low/mb_low/lib\libxil.a(hw_exception_handler.o)
 .debug_aranges
                0x000001b0       0x20 ../../wlan_bsp_cpu_low/mb_low/lib\libxil.a(microblaze_enable_exceptions.o)
 .debug_aranges
                0x000001d0       0x20 ../../wlan_bsp_cpu_low/mb_low/lib\libxil.a(microblaze_interrupt_handler.o)
 .debug_aranges
                0x000001f0       0x20 ../../wlan_bsp_cpu_low/mb_low/lib\libxil.a(outbyte.o)
 .debug_aranges
                0x00000210       0x20 ../../wlan_bsp_cpu_low/mb_low/lib\libxil.a(xtmrctr.o)
 .debug_aranges
                0x00000230       0x20 ../../wlan_bsp_cpu_low/mb_low/lib\libxil.a(xtmrctr_options.o)
 .debug_aranges
                0x00000250       0x20 ../../wlan_bsp_cpu_low/mb_low/lib\libxil.a(xuartlite_l.o)
 .debug_aranges
                0x00000270       0x20 ../../wlan_bsp_cpu_low/mb_low/lib\libxil.a(xmbox.o)
 .debug_aranges
                0x00000290       0x20 ../../wlan_bsp_cpu_low/mb_low/lib\libxil.a(xmbox_sinit.o)
 .debug_aranges
                0x000002b0       0x20 ../../wlan_bsp_cpu_low/mb_low/lib\libxil.a(xmutex.o)
 .debug_aranges
                0x000002d0       0x20 ../../wlan_bsp_cpu_low/mb_low/lib\libxil.a(xmutex_sinit.o)
 .debug_aranges
                0x000002f0       0x20 ../../wlan_bsp_cpu_low/mb_low/lib\libxil.a(radio_controller.o)
 .debug_aranges
                0x00000310       0x20 ../../wlan_bsp_cpu_low/mb_low/lib\libxil.a(w3_ad_controller.o)
 .debug_aranges
                0x00000330       0x20 ../../wlan_bsp_cpu_low/mb_low/lib\libxil.a(w3_clock_controller.o)
 .debug_aranges
                0x00000350       0x20 ../../wlan_bsp_cpu_low/mb_low/lib\libxil.a(w3_iic_eeprom.o)
 .debug_aranges
                0x00000370       0x20 ../../wlan_bsp_cpu_low/mb_low/lib\libxil.a(print.o)
 .debug_aranges
                0x00000390       0x20 ../../wlan_bsp_cpu_low/mb_low/lib\libxil.a(xbasic_types.o)
 .debug_aranges
                0x000003b0       0x20 ../../wlan_bsp_cpu_low/mb_low/lib\libxil.a(xil_assert.o)
 .debug_aranges
                0x000003d0       0x20 d:/xilinx/14.4/sdk/sdk/gnu/microblaze/nt64/bin/../lib/gcc/microblaze-xilinx-elf/4.6.2/bs/m/le\libgcc.a(udivsi3.o)
 .debug_aranges
                0x000003f0       0x20 d:/xilinx/14.4/sdk/sdk/gnu/microblaze/nt64/bin/../lib/gcc/microblaze-xilinx-elf/4.6.2/bs/m/le\libgcc.a(umodsi3.o)
 .debug_aranges
                0x00000410       0x20 ../../wlan_bsp_cpu_low/mb_low/lib\libxil.a(sbrk.o)
 .debug_aranges
                0x00000430       0x20 ../../wlan_bsp_cpu_low/mb_low/lib\libxil.a(errno.o)
 .debug_aranges
                0x00000450       0x20 d:/xilinx/14.4/sdk/sdk/gnu/microblaze/nt64/bin/../lib/gcc/microblaze-xilinx-elf/4.6.2/bs/m/le\libgcc.a(_muldi3.o)
 .debug_aranges
                0x00000470       0x28 d:/xilinx/14.4/sdk/sdk/gnu/microblaze/nt64/bin/../lib/gcc/microblaze-xilinx-elf/4.6.2/bs/m/le/crtn.o

.debug_ranges   0x00000000      0x818
 .debug_ranges  0x00000000       0x38 d:/xilinx/14.4/sdk/sdk/gnu/microblaze/nt64/bin/../lib/gcc/microblaze-xilinx-elf/4.6.2/../../../../microblaze-xilinx-elf/lib/bs/m/le/crt0.o
 .debug_ranges  0x00000038       0x20 d:/xilinx/14.4/sdk/sdk/gnu/microblaze/nt64/bin/../lib/gcc/microblaze-xilinx-elf/4.6.2/bs/m/le/crti.o
 .debug_ranges  0x00000058      0x170 ./wlan_mac_low_framework/wlan_mac_low.o
 .debug_ranges  0x000001c8       0x20 ./wlan_mac_low_framework/wlan_phy_util.o
 .debug_ranges  0x000001e8      0x120 ./src/wlan_mac_dcf.o
 .debug_ranges  0x00000308       0x30 ../../wlan_bsp_cpu_low/mb_low/lib\libxil.a(xil_printf.o)
 .debug_ranges  0x00000338       0x30 ../../wlan_bsp_cpu_low/mb_low/lib\libxil.a(xtmrctr.o)
 .debug_ranges  0x00000368       0x60 ../../wlan_bsp_cpu_low/mb_low/lib\libxil.a(radio_controller.o)
 .debug_ranges  0x000003c8      0x360 ../../wlan_bsp_cpu_low/mb_low/lib\libxil.a(w3_ad_controller.o)
 .debug_ranges  0x00000728       0x90 ../../wlan_bsp_cpu_low/mb_low/lib\libxil.a(w3_clock_controller.o)
 .debug_ranges  0x000007b8       0x40 d:/xilinx/14.4/sdk/sdk/gnu/microblaze/nt64/bin/../lib/gcc/microblaze-xilinx-elf/4.6.2/bs/m/le\libgcc.a(_muldi3.o)
 .debug_ranges  0x000007f8       0x20 d:/xilinx/14.4/sdk/sdk/gnu/microblaze/nt64/bin/../lib/gcc/microblaze-xilinx-elf/4.6.2/bs/m/le/crtn.o

.debug_frame    0x00000000      0xeb4
 .debug_frame   0x00000000      0x1ec ./wlan_mac_low_framework/wlan_mac_low.o
 .debug_frame   0x000001ec      0x128 ./wlan_mac_low_framework/wlan_phy_util.o
 .debug_frame   0x00000314      0x13c ./wlan_mac_common/wlan_mac_ipc_util.o
 .debug_frame   0x00000450       0xe8 ./src/wlan_mac_dcf.o
 .debug_frame   0x00000538       0x78 ../../wlan_bsp_cpu_low/mb_low/lib\libxil.a(xil_printf.o)
 .debug_frame   0x000005b0       0x54 ../../wlan_bsp_cpu_low/mb_low/lib\libxil.a(microblaze_interrupt_handler.o)
 .debug_frame   0x00000604       0x28 ../../wlan_bsp_cpu_low/mb_low/lib\libxil.a(outbyte.o)
 .debug_frame   0x0000062c       0xec ../../wlan_bsp_cpu_low/mb_low/lib\libxil.a(xtmrctr.o)
 .debug_frame   0x00000718       0x44 ../../wlan_bsp_cpu_low/mb_low/lib\libxil.a(xtmrctr_options.o)
 .debug_frame   0x0000075c       0x30 ../../wlan_bsp_cpu_low/mb_low/lib\libxil.a(xuartlite_l.o)
 .debug_frame   0x0000078c      0x184 ../../wlan_bsp_cpu_low/mb_low/lib\libxil.a(xmbox.o)
 .debug_frame   0x00000910       0x20 ../../wlan_bsp_cpu_low/mb_low/lib\libxil.a(xmbox_sinit.o)
 .debug_frame   0x00000930       0xd4 ../../wlan_bsp_cpu_low/mb_low/lib\libxil.a(xmutex.o)
 .debug_frame   0x00000a04       0x20 ../../wlan_bsp_cpu_low/mb_low/lib\libxil.a(xmutex_sinit.o)
 .debug_frame   0x00000a24      0x164 ../../wlan_bsp_cpu_low/mb_low/lib\libxil.a(radio_controller.o)
 .debug_frame   0x00000b88       0xc8 ../../wlan_bsp_cpu_low/mb_low/lib\libxil.a(w3_ad_controller.o)
 .debug_frame   0x00000c50       0x88 ../../wlan_bsp_cpu_low/mb_low/lib\libxil.a(w3_clock_controller.o)
 .debug_frame   0x00000cd8       0xc8 ../../wlan_bsp_cpu_low/mb_low/lib\libxil.a(w3_iic_eeprom.o)
 .debug_frame   0x00000da0       0x2c ../../wlan_bsp_cpu_low/mb_low/lib\libxil.a(print.o)
 .debug_frame   0x00000dcc       0x48 ../../wlan_bsp_cpu_low/mb_low/lib\libxil.a(xbasic_types.o)
 .debug_frame   0x00000e14       0x38 ../../wlan_bsp_cpu_low/mb_low/lib\libxil.a(xil_assert.o)
 .debug_frame   0x00000e4c       0x28 ../../wlan_bsp_cpu_low/mb_low/lib\libxil.a(sbrk.o)
 .debug_frame   0x00000e74       0x20 ../../wlan_bsp_cpu_low/mb_low/lib\libxil.a(errno.o)
 .debug_frame   0x00000e94       0x20 d:/xilinx/14.4/sdk/sdk/gnu/microblaze/nt64/bin/../lib/gcc/microblaze-xilinx-elf/4.6.2/bs/m/le\libgcc.a(_muldi3.o)

.debug_loc      0x00000000     0x8417
 .debug_loc     0x00000000      0x8cc ./wlan_mac_low_framework/wlan_mac_low.o
 .debug_loc     0x000008cc      0x387 ./wlan_mac_low_framework/wlan_phy_util.o
 .debug_loc     0x00000c53      0x352 ./wlan_mac_common/wlan_mac_ipc_util.o
 .debug_loc     0x00000fa5      0x61f ./src/wlan_mac_dcf.o
 .debug_loc     0x000015c4      0x4ef ../../wlan_bsp_cpu_low/mb_low/lib\libxil.a(xil_printf.o)
 .debug_loc     0x00001ab3       0x21 ../../wlan_bsp_cpu_low/mb_low/lib\libxil.a(microblaze_interrupt_handler.o)
 .debug_loc     0x00001ad4       0x3e ../../wlan_bsp_cpu_low/mb_low/lib\libxil.a(outbyte.o)
 .debug_loc     0x00001b12      0x59d ../../wlan_bsp_cpu_low/mb_low/lib\libxil.a(xtmrctr.o)
 .debug_loc     0x000020af      0x201 ../../wlan_bsp_cpu_low/mb_low/lib\libxil.a(xtmrctr_options.o)
 .debug_loc     0x000022b0      0xc1f ../../wlan_bsp_cpu_low/mb_low/lib\libxil.a(xmbox.o)
 .debug_loc     0x00002ecf       0x3e ../../wlan_bsp_cpu_low/mb_low/lib\libxil.a(xmbox_sinit.o)
 .debug_loc     0x00002f0d      0x675 ../../wlan_bsp_cpu_low/mb_low/lib\libxil.a(xmutex.o)
 .debug_loc     0x00003582       0x3e ../../wlan_bsp_cpu_low/mb_low/lib\libxil.a(xmutex_sinit.o)
 .debug_loc     0x000035c0      0xeb5 ../../wlan_bsp_cpu_low/mb_low/lib\libxil.a(radio_controller.o)
 .debug_loc     0x00004475     0x221e ../../wlan_bsp_cpu_low/mb_low/lib\libxil.a(w3_ad_controller.o)
 .debug_loc     0x00006693     0x1628 ../../wlan_bsp_cpu_low/mb_low/lib\libxil.a(w3_clock_controller.o)
 .debug_loc     0x00007cbb      0x56f ../../wlan_bsp_cpu_low/mb_low/lib\libxil.a(w3_iic_eeprom.o)
 .debug_loc     0x0000822a       0x3e ../../wlan_bsp_cpu_low/mb_low/lib\libxil.a(print.o)
 .debug_loc     0x00008268       0x46 ../../wlan_bsp_cpu_low/mb_low/lib\libxil.a(xbasic_types.o)
 .debug_loc     0x000082ae       0x46 ../../wlan_bsp_cpu_low/mb_low/lib\libxil.a(xil_assert.o)
 .debug_loc     0x000082f4       0x51 ../../wlan_bsp_cpu_low/mb_low/lib\libxil.a(sbrk.o)
 .debug_loc     0x00008345       0xd2 d:/xilinx/14.4/sdk/sdk/gnu/microblaze/nt64/bin/../lib/gcc/microblaze-xilinx-elf/4.6.2/bs/m/le\libgcc.a(_muldi3.o)

.debug_macinfo  0x00000000    0x67b43
 .debug_macinfo
                0x00000000    0x1c5df ./wlan_mac_low_framework/wlan_mac_low.o
 .debug_macinfo
                0x0001c5df    0x1d5f0 ./wlan_mac_low_framework/wlan_phy_util.o
 .debug_macinfo
                0x00039bcf    0x128b0 ./wlan_mac_common/wlan_mac_ipc_util.o
 .debug_macinfo
                0x0004c47f    0x1b6c4 ./src/wlan_mac_dcf.o

.debug_str      0x00000000     0x2711
 .debug_str     0x00000000      0x8dc ./wlan_mac_low_framework/wlan_mac_low.o
                                0x9d8 (size before relaxing)
 .debug_str     0x000008dc      0x208 ./wlan_mac_low_framework/wlan_phy_util.o
                                0x3ae (size before relaxing)
 .debug_str     0x00000ae4      0x206 ./wlan_mac_common/wlan_mac_ipc_util.o
                                0x3b3 (size before relaxing)
 .debug_str     0x00000cea      0x326 ./src/wlan_mac_dcf.o
                                0x711 (size before relaxing)
 .debug_str     0x00001010      0x159 ../../wlan_bsp_cpu_low/mb_low/lib\libxil.a(xil_printf.o)
                                0x1f7 (size before relaxing)
 .debug_str     0x00001169       0xf9 ../../wlan_bsp_cpu_low/mb_low/lib\libxil.a(microblaze_interrupt_handler.o)
                                0x1a2 (size before relaxing)
 .debug_str     0x00001262       0x1a ../../wlan_bsp_cpu_low/mb_low/lib\libxil.a(microblaze_interrupts_g.o)
                                0x165 (size before relaxing)
 .debug_str     0x0000127c       0x12 ../../wlan_bsp_cpu_low/mb_low/lib\libxil.a(outbyte.o)
                                0x127 (size before relaxing)
 .debug_str     0x0000128e      0x194 ../../wlan_bsp_cpu_low/mb_low/lib\libxil.a(xtmrctr.o)
                                0x2fa (size before relaxing)
 .debug_str     0x00001422        0xc ../../wlan_bsp_cpu_low/mb_low/lib\libxil.a(xtmrctr_g.o)
                                0x155 (size before relaxing)
 .debug_str     0x0000142e        0xc ../../wlan_bsp_cpu_low/mb_low/lib\libxil.a(xtmrctr_l.o)
                                0x12d (size before relaxing)
 .debug_str     0x0000143a       0x54 ../../wlan_bsp_cpu_low/mb_low/lib\libxil.a(xtmrctr_options.o)
                                0x22f (size before relaxing)
 .debug_str     0x0000148e       0x8d ../../wlan_bsp_cpu_low/mb_low/lib\libxil.a(xuartlite_l.o)
                                0x158 (size before relaxing)
 .debug_str     0x0000151b      0x1cf ../../wlan_bsp_cpu_low/mb_low/lib\libxil.a(xmbox.o)
                                0x342 (size before relaxing)
 .debug_str     0x000016ea       0x33 ../../wlan_bsp_cpu_low/mb_low/lib\libxil.a(xmbox_sinit.o)
                                0x19d (size before relaxing)
 .debug_str     0x0000171d       0xf6 ../../wlan_bsp_cpu_low/mb_low/lib\libxil.a(xmutex.o)
                                0x286 (size before relaxing)
 .debug_str     0x00001813       0x36 ../../wlan_bsp_cpu_low/mb_low/lib\libxil.a(xmutex_sinit.o)
                                0x19e (size before relaxing)
 .debug_str     0x00001849      0x3cb ../../wlan_bsp_cpu_low/mb_low/lib\libxil.a(radio_controller.o)
                                0x4a1 (size before relaxing)
 .debug_str     0x00001c14      0x1f9 ../../wlan_bsp_cpu_low/mb_low/lib\libxil.a(w3_ad_controller.o)
                                0x2e2 (size before relaxing)
 .debug_str     0x00001e0d      0x149 ../../wlan_bsp_cpu_low/mb_low/lib\libxil.a(w3_clock_controller.o)
                                0x246 (size before relaxing)
 .debug_str     0x00001f56      0x157 ../../wlan_bsp_cpu_low/mb_low/lib\libxil.a(w3_iic_eeprom.o)
                                0x231 (size before relaxing)
 .debug_str     0x000020ad       0x39 ../../wlan_bsp_cpu_low/mb_low/lib\libxil.a(print.o)
                                 0x83 (size before relaxing)
 .debug_str     0x000020e6       0xe9 ../../wlan_bsp_cpu_low/mb_low/lib\libxil.a(xbasic_types.o)
                                0x193 (size before relaxing)
 .debug_str     0x000021cf       0x6a ../../wlan_bsp_cpu_low/mb_low/lib\libxil.a(xil_assert.o)
                                0x1a2 (size before relaxing)
 .debug_str     0x00002239        0xa ../../wlan_bsp_cpu_low/mb_low/lib\libxil.a(xmbox_g.o)
                                0x179 (size before relaxing)
 .debug_str     0x00002243        0xb ../../wlan_bsp_cpu_low/mb_low/lib\libxil.a(xmutex_g.o)
                                0x179 (size before relaxing)
 .debug_str     0x0000224e       0x57 ../../wlan_bsp_cpu_low/mb_low/lib\libxil.a(sbrk.o)
                                0x122 (size before relaxing)
 .debug_str     0x000022a5      0x387 ../../wlan_bsp_cpu_low/mb_low/lib\libxil.a(errno.o)
                                0x4e4 (size before relaxing)
 .debug_str     0x0000262c       0xe5 d:/xilinx/14.4/sdk/sdk/gnu/microblaze/nt64/bin/../lib/gcc/microblaze-xilinx-elf/4.6.2/bs/m/le\libgcc.a(_muldi3.o)
                                0x1bf (size before relaxing)
